D:\stm32cubeide\STM32CubeIDE_2.0.0\STM32CubeIDE\plugins\com.st.stm32cube.ide.mcu.externaltools.gnu-tools-for-stm32.13.3.rel1.win32_1.0.100.202509120712\tools\bin/../lib/gcc/arm-none-eabi/13.3.1/../../../../arm-none-eabi/include/c++/13.3.1/cmath:1179:3:constexpr bool std::isnan(double)	24	static
../Core/Src/main.cpp:107:5:int main()	8	static
../Core/Src/main.cpp:195:6:void SystemClock_Config()	96	static
../Core/Src/main.cpp:240:13:void MX_I2C1_Init()	8	static
../Core/Src/main.cpp:288:13:void MX_USART2_UART_Init()	8	static
../Core/Src/main.cpp:323:13:void MX_GPIO_Init()	16	static
../Core/Src/main.cpp:348:6:void StartDefaultTask(void*)	16	static
../Core/Src/main.cpp:398:6:void StartTask02(void*)	16	static
../Core/Src/main.cpp:413:6:void Error_Handler()	4	static,ignoring_inline_asm
../Core/Src/main.cpp:422:1:void __static_initialization_and_destruction_0()	8	static
../Core/Src/main.cpp:422:1:void __static_initialization_and_destruction_1()	8	static
../Core/Src/main.cpp:422:1:cpp)	8	static
../Core/Src/main.cpp:422:1:cpp)	8	static
