../Core/Src/../../RTC-lib/include/RTClib.h:180:11:uint8_t DateTime::hour() const	16	static
../Core/Src/../../RTC-lib/include/RTClib.h:192:11:uint8_t DateTime::minute() const	16	static
../Core/Src/../../RTC-lib/include/RTClib.h:197:11:uint8_t DateTime::second() const	16	static
../Core/Src/main.cpp:93:5:int main()	8	static
../Core/Src/main.cpp:179:6:void SystemClock_Config()	96	static
../Core/Src/main.cpp:225:13:void MX_I2C1_Init()	8	static
../Core/Src/main.cpp:273:13:void MX_RTC_Init()	32	static
../Core/Src/main.cpp:337:13:void MX_USART1_UART_Init()	8	static
../Core/Src/main.cpp:372:13:void MX_GPIO_Init()	16	static
../Core/Src/main.cpp:399:6:void StartDefaultTask(void*)	56	static
../Core/Src/main.cpp:422:6:void Error_Handler()	4	static,ignoring_inline_asm
../Core/Src/main.cpp:431:1:void __static_initialization_and_destruction_0()	8	static
../Core/Src/main.cpp:431:1:cpp)	8	static
