Archive member included to satisfy reference by file (symbol)

D:/stm32cubeide/STM32CubeIDE_2.0.0/STM32CubeIDE/plugins/com.st.stm32cube.ide.mcu.externaltools.gnu-tools-for-stm32.13.3.rel1.win32_1.0.100.202509120712/tools/bin/../lib/gcc/arm-none-eabi/13.3.1/../../../../arm-none-eabi/lib/thumb/v7e-m+fp/hard\libstdc++_nano.a(del_ops.o)
                              ./bme280/BME280.o (operator delete(void*, unsigned int))
D:/stm32cubeide/STM32CubeIDE_2.0.0/STM32CubeIDE/plugins/com.st.stm32cube.ide.mcu.externaltools.gnu-tools-for-stm32.13.3.rel1.win32_1.0.100.202509120712/tools/bin/../lib/gcc/arm-none-eabi/13.3.1/../../../../arm-none-eabi/lib/thumb/v7e-m+fp/hard\libstdc++_nano.a(del_op.o)
                              D:/stm32cubeide/STM32CubeIDE_2.0.0/STM32CubeIDE/plugins/com.st.stm32cube.ide.mcu.externaltools.gnu-tools-for-stm32.13.3.rel1.win32_1.0.100.202509120712/tools/bin/../lib/gcc/arm-none-eabi/13.3.1/../../../../arm-none-eabi/lib/thumb/v7e-m+fp/hard\libstdc++_nano.a(del_ops.o) (operator delete(void*))
D:/stm32cubeide/STM32CubeIDE_2.0.0/STM32CubeIDE/plugins/com.st.stm32cube.ide.mcu.externaltools.gnu-tools-for-stm32.13.3.rel1.win32_1.0.100.202509120712/tools/bin/../lib/gcc/arm-none-eabi/13.3.1/../../../../arm-none-eabi/lib/thumb/v7e-m+fp/hard\libc_nano.a(libc_a-exit.o)
                              D:/stm32cubeide/STM32CubeIDE_2.0.0/STM32CubeIDE/plugins/com.st.stm32cube.ide.mcu.externaltools.gnu-tools-for-stm32.13.3.rel1.win32_1.0.100.202509120712/tools/bin/../lib/gcc/arm-none-eabi/13.3.1/../../../../arm-none-eabi/lib/thumb/v7e-m+fp/hard/crt0.o (exit)
D:/stm32cubeide/STM32CubeIDE_2.0.0/STM32CubeIDE/plugins/com.st.stm32cube.ide.mcu.externaltools.gnu-tools-for-stm32.13.3.rel1.win32_1.0.100.202509120712/tools/bin/../lib/gcc/arm-none-eabi/13.3.1/../../../../arm-none-eabi/lib/thumb/v7e-m+fp/hard\libc_nano.a(libc_a-malloc.o)
                              D:/stm32cubeide/STM32CubeIDE_2.0.0/STM32CubeIDE/plugins/com.st.stm32cube.ide.mcu.externaltools.gnu-tools-for-stm32.13.3.rel1.win32_1.0.100.202509120712/tools/bin/../lib/gcc/arm-none-eabi/13.3.1/../../../../arm-none-eabi/lib/thumb/v7e-m+fp/hard\libstdc++_nano.a(del_op.o) (free)
D:/stm32cubeide/STM32CubeIDE_2.0.0/STM32CubeIDE/plugins/com.st.stm32cube.ide.mcu.externaltools.gnu-tools-for-stm32.13.3.rel1.win32_1.0.100.202509120712/tools/bin/../lib/gcc/arm-none-eabi/13.3.1/../../../../arm-none-eabi/lib/thumb/v7e-m+fp/hard\libc_nano.a(libc_a-mallocr.o)
                              D:/stm32cubeide/STM32CubeIDE_2.0.0/STM32CubeIDE/plugins/com.st.stm32cube.ide.mcu.externaltools.gnu-tools-for-stm32.13.3.rel1.win32_1.0.100.202509120712/tools/bin/../lib/gcc/arm-none-eabi/13.3.1/../../../../arm-none-eabi/lib/thumb/v7e-m+fp/hard\libc_nano.a(libc_a-malloc.o) (_malloc_r)
D:/stm32cubeide/STM32CubeIDE_2.0.0/STM32CubeIDE/plugins/com.st.stm32cube.ide.mcu.externaltools.gnu-tools-for-stm32.13.3.rel1.win32_1.0.100.202509120712/tools/bin/../lib/gcc/arm-none-eabi/13.3.1/../../../../arm-none-eabi/lib/thumb/v7e-m+fp/hard\libc_nano.a(libc_a-mlock.o)
                              D:/stm32cubeide/STM32CubeIDE_2.0.0/STM32CubeIDE/plugins/com.st.stm32cube.ide.mcu.externaltools.gnu-tools-for-stm32.13.3.rel1.win32_1.0.100.202509120712/tools/bin/../lib/gcc/arm-none-eabi/13.3.1/../../../../arm-none-eabi/lib/thumb/v7e-m+fp/hard\libc_nano.a(libc_a-mallocr.o) (__malloc_lock)
D:/stm32cubeide/STM32CubeIDE_2.0.0/STM32CubeIDE/plugins/com.st.stm32cube.ide.mcu.externaltools.gnu-tools-for-stm32.13.3.rel1.win32_1.0.100.202509120712/tools/bin/../lib/gcc/arm-none-eabi/13.3.1/../../../../arm-none-eabi/lib/thumb/v7e-m+fp/hard\libc_nano.a(libc_a-nano-vfprintf_float.o)
                              (_printf_float)
D:/stm32cubeide/STM32CubeIDE_2.0.0/STM32CubeIDE/plugins/com.st.stm32cube.ide.mcu.externaltools.gnu-tools-for-stm32.13.3.rel1.win32_1.0.100.202509120712/tools/bin/../lib/gcc/arm-none-eabi/13.3.1/../../../../arm-none-eabi/lib/thumb/v7e-m+fp/hard\libc_nano.a(libc_a-nano-vfprintf_i.o)
                              D:/stm32cubeide/STM32CubeIDE_2.0.0/STM32CubeIDE/plugins/com.st.stm32cube.ide.mcu.externaltools.gnu-tools-for-stm32.13.3.rel1.win32_1.0.100.202509120712/tools/bin/../lib/gcc/arm-none-eabi/13.3.1/../../../../arm-none-eabi/lib/thumb/v7e-m+fp/hard\libc_nano.a(libc_a-nano-vfprintf_float.o) (_printf_common)
D:/stm32cubeide/STM32CubeIDE_2.0.0/STM32CubeIDE/plugins/com.st.stm32cube.ide.mcu.externaltools.gnu-tools-for-stm32.13.3.rel1.win32_1.0.100.202509120712/tools/bin/../lib/gcc/arm-none-eabi/13.3.1/../../../../arm-none-eabi/lib/thumb/v7e-m+fp/hard\libc_nano.a(libc_a-nano-vfscanf_float.o)
                              (_scanf_float)
D:/stm32cubeide/STM32CubeIDE_2.0.0/STM32CubeIDE/plugins/com.st.stm32cube.ide.mcu.externaltools.gnu-tools-for-stm32.13.3.rel1.win32_1.0.100.202509120712/tools/bin/../lib/gcc/arm-none-eabi/13.3.1/../../../../arm-none-eabi/lib/thumb/v7e-m+fp/hard\libc_nano.a(libc_a-findfp.o)
                              ./Middlewares/FreeRTOS/tasks.o (__sf)
[...]
Memory Configuration

Name             Origin             Length             Attributes
RAM              0x20000000         0x0000c000         xrw
RAM2             0x10000000         0x00004000         xrw
FLASH            0x08000000         0x00040000         xr
*default*        0x00000000         0xffffffff

Linker script and memory map

LOAD D:/stm32cubeide/STM32CubeIDE_2.0.0/STM32CubeIDE/plugins/com.st.stm32cube.ide.mcu.externaltools.gnu-tools-for-stm32.13.3.rel1.win32_1.0.100.202509120712/tools/bin/../lib/gcc/arm-none-eabi/13.3.1/thumb/v7e-m+fp/hard/crti.o
LOAD D:/stm32cubeide/STM32CubeIDE_2.0.0/STM32CubeIDE/plugins/com.st.stm32cube.ide.mcu.externaltools.gnu-tools-for-stm32.13.3.rel1.win32_1.0.100.202509120712/tools/bin/../lib/gcc/arm-none-eabi/13.3.1/thumb/v7e-m+fp/hard/crtbegin.o
LOAD D:/stm32cubeide/STM32CubeIDE_2.0.0/STM32CubeIDE/plugins/com.st.stm32cube.ide.mcu.externaltools.gnu-tools-for-stm32.13.3.rel1.win32_1.0.100.202509120712/tools/bin/../lib/gcc/arm-none-eabi/13.3.1/../../../../arm-none-eabi/lib/thumb/v7e-m+fp/hard/crt0.o
LOAD ./Core/Src/freertos.o
LOAD ./Core/Src/main.o
LOAD ./Core/Src/stm32l4xx_hal_msp.o
LOAD ./Core/Src/stm32l4xx_it.o
LOAD ./Core/Src/syscalls.o
LOAD ./Core/Src/sysmem.o
LOAD ./Core/Src/system_stm32l4xx.o
LOAD ./Core/Startup/startup_stm32l432kcux.o
LOAD ./Drivers/STM32L4xx_HAL_Driver/stm32l4xx_hal.o
LOAD ./Drivers/STM32L4xx_HAL_Driver/stm32l4xx_hal_cortex.o
LOAD ./Drivers/STM32L4xx_HAL_Driver/stm32l4xx_hal_dma.o
LOAD ./Drivers/STM32L4xx_HAL_Driver/stm32l4xx_hal_dma_ex.o
LOAD ./Drivers/STM32L4xx_HAL_Driver/stm32l4xx_hal_exti.o
LOAD ./Drivers/STM32L4xx_HAL_Driver/stm32l4xx_hal_flash.o
LOAD ./Drivers/STM32L4xx_HAL_Driver/stm32l4xx_hal_flash_ex.o
LOAD ./Drivers/STM32L4xx_HAL_Driver/stm32l4xx_hal_flash_ramfunc.o
LOAD ./Drivers/STM32L4xx_HAL_Driver/stm32l4xx_hal_gpio.o
LOAD ./Drivers/STM32L4xx_HAL_Driver/stm32l4xx_hal_i2c.o
LOAD ./Drivers/STM32L4xx_HAL_Driver/stm32l4xx_hal_i2c_ex.o
LOAD ./Drivers/STM32L4xx_HAL_Driver/stm32l4xx_hal_pwr.o
LOAD ./Drivers/STM32L4xx_HAL_Driver/stm32l4xx_hal_pwr_ex.o
LOAD ./Drivers/STM32L4xx_HAL_Driver/stm32l4xx_hal_rcc.o
LOAD ./Drivers/STM32L4xx_HAL_Driver/stm32l4xx_hal_rcc_ex.o
LOAD ./Drivers/STM32L4xx_HAL_Driver/stm32l4xx_hal_uart.o
LOAD ./Drivers/STM32L4xx_HAL_Driver/stm32l4xx_hal_uart_ex.o
LOAD ./Middlewares/FreeRTOS/cmsis_os2.o
LOAD ./Middlewares/FreeRTOS/croutine.o
LOAD ./Middlewares/FreeRTOS/event_groups.o
LOAD ./Middlewares/FreeRTOS/heap_4.o
LOAD ./Middlewares/FreeRTOS/list.o
LOAD ./Middlewares/FreeRTOS/port.o
LOAD ./Middlewares/FreeRTOS/queue.o
LOAD ./Middlewares/FreeRTOS/stream_buffer.o
LOAD ./Middlewares/FreeRTOS/tasks.o
LOAD ./Middlewares/FreeRTOS/timers.o
LOAD ./bme280/BME280.o
START GROUP
LOAD D:/stm32cubeide/STM32CubeIDE_2.0.0/STM32CubeIDE/plugins/com.st.stm32cube.ide.mcu.externaltools.gnu-tools-for-stm32.13.3.rel1.win32_1.0.100.202509120712/tools/bin/../lib/gcc/arm-none-eabi/13.3.1/../../../../arm-none-eabi/lib/thumb/v7e-m+fp/hard\libstdc++_nano.a
LOAD D:/stm32cubeide/STM32CubeIDE_2.0.0/STM32CubeIDE/plugins/com.st.stm32cube.ide.mcu.externaltools.gnu-tools-for-stm32.13.3.rel1.win32_1.0.100.202509120712/tools/bin/../lib/gcc/arm-none-eabi/13.3.1/../../../../arm-none-eabi/lib/thumb/v7e-m+fp/hard\libsupc++_nano.a
END GROUP
LOAD D:/stm32cubeide/STM32CubeIDE_2.0.0/STM32CubeIDE/plugins/com.st.stm32cube.ide.mcu.externaltools.gnu-tools-for-stm32.13.3.rel1.win32_1.0.100.202509120712/tools/bin/../lib/gcc/arm-none-eabi/13.3.1/../../../../arm-none-eabi/lib/thumb/v7e-m+fp/hard\libstdc++_nano.a
LOAD D:/stm32cubeide/STM32CubeIDE_2.0.0/STM32CubeIDE/plugins/com.st.stm32cube.ide.mcu.externaltools.gnu-tools-for-stm32.13.3.rel1.win32_1.0.100.202509120712/tools/bin/../lib/gcc/arm-none-eabi/13.3.1/../../../../arm-none-eabi/lib/thumb/v7e-m+fp/hard\libm.a
LOAD D:/stm32cubeide/STM32CubeIDE_2.0.0/STM32CubeIDE/plugins/com.st.stm32cube.ide.mcu.externaltools.gnu-tools-for-stm32.13.3.rel1.win32_1.0.100.202509120712/tools/bin/../lib/gcc/arm-none-eabi/13.3.1/../../../../arm-none-eabi/lib/thumb/v7e-m+fp/hard\libc_nano.a
START GROUP
LOAD D:/stm32cubeide/STM32CubeIDE_2.0.0/STM32CubeIDE/plugins/com.st.stm32cube.ide.mcu.externaltools.gnu-tools-for-stm32.13.3.rel1.win32_1.0.100.202509120712/tools/bin/../lib/gcc/arm-none-eabi/13.3.1/thumb/v7e-m+fp/hard\libgcc.a
LOAD D:/stm32cubeide/STM32CubeIDE_2.0.0/STM32CubeIDE/plugins/com.st.stm32cube.ide.mcu.externaltools.gnu-tools-for-stm32.13.3.rel1.win32_1.0.100.202509120712/tools/bin/../lib/gcc/arm-none-eabi/13.3.1/../../../../arm-none-eabi/lib/thumb/v7e-m+fp/hard\libc_nano.a
END GROUP
START GROUP
LOAD D:/stm32cubeide/STM32CubeIDE_2.0.0/STM32CubeIDE/plugins/com.st.stm32cube.ide.mcu.externaltools.gnu-tools-for-stm32.13.3.rel1.win32_1.0.100.202509120712/tools/bin/../lib/gcc/arm-none-eabi/13.3.1/thumb/v7e-m+fp/hard\libgcc.a
LOAD D:/stm32cubeide/STM32CubeIDE_2.0.0/STM32CubeIDE/plugins/com.st.stm32cube.ide.mcu.externaltools.gnu-tools-for-stm32.13.3.rel1.win32_1.0.100.202509120712/tools/bin/../lib/gcc/arm-none-eabi/13.3.1/../../../../arm-none-eabi/lib/thumb/v7e-m+fp/hard\libc_nano.a
END GROUP
LOAD D:/stm32cubeide/STM32CubeIDE_2.0.0/STM32CubeIDE/plugins/com.st.stm32cube.ide.mcu.externaltools.gnu-tools-for-stm32.13.3.rel1.win32_1.0.100.202509120712/tools/bin/../lib/gcc/arm-none-eabi/13.3.1/thumb/v7e-m+fp/hard/crtend.o
LOAD D:/stm32cubeide/STM32CubeIDE_2.0.0/STM32CubeIDE/plugins/com.st.stm32cube.ide.mcu.externaltools.gnu-tools-for-stm32.13.3.rel1.win32_1.0.100.202509120712/tools/bin/../lib/gcc/arm-none-eabi/13.3.1/thumb/v7e-m+fp/hard/crtn.o
                0x2000c000                        _estack = (ORIGIN (RAM) + LENGTH (RAM))
                0x00000200                        _Min_Heap_Size = 0x200
                0x00000400                        _Min_Stack_Size = 0x400

.isr_vector     0x08000000      0x18c
                0x08000000                        . = ALIGN (0x4)
 *(.isr_vector)
 .isr_vector    0x08000000      0x18c ./Core/Startup/startup_stm32l432kcux.o
                0x08000000                g_pfnVectors
                0x0800018c                        . = ALIGN (0x4)

.text           0x08000190     0xcfac
                0x08000190                        . = ALIGN (0x4)
 *(.text)
 .text          0x08000190       0x40 D:/stm32cubeide/STM32CubeIDE_2.0.0/STM32CubeIDE/plugins/com.st.stm32cube.ide.mcu.externaltools.gnu-tools-for-stm32.13.3.rel1.win32_1.0.100.202509120712/tools/bin/../lib/gcc/arm-none-eabi/13.3.1/thumb/v7e-m+fp/hard/crtbegin.o
 .text          0x080001d0       0xa0 D:/stm32cubeide/STM32CubeIDE_2.0.0/STM32CubeIDE/plugins/com.st.stm32cube.ide.mcu.externaltools.gnu-tools-for-stm32.13.3.rel1.win32_1.0.100.202509120712/tools/bin/../lib/gcc/arm-none-eabi/13.3.1/../../../../arm-none-eabi/lib/thumb/v7e-m+fp/hard\libc_nano.a(libc_a-memchr.o)
                0x080001d0                memchr
 .text          0x08000270       0x10 D:/stm32cubeide/STM32CubeIDE_2.0.0/STM32CubeIDE/plugins/com.st.stm32cube.ide.mcu.externaltools.gnu-tools-for-stm32.13.3.rel1.win32_1.0.100.202509120712/tools/bin/../lib/gcc/arm-none-eabi/13.3.1/../../../../arm-none-eabi/lib/thumb/v7e-m+fp/hard\libc_nano.a(libc_a-strlen.o)
                0x08000270                strlen
 .text          0x08000280      0x378 D:/stm32cubeide/STM32CubeIDE_2.0.0/STM32CubeIDE/plugins/com.st.stm32cube.ide.mcu.externaltools.gnu-tools-for-stm32.13.3.rel1.win32_1.0.100.202509120712/tools/bin/../lib/gcc/arm-none-eabi/13.3.1/thumb/v7e-m+fp/hard\libgcc.a(_arm_addsubdf3.o)
                0x08000280                __aeabi_drsub
                0x08000288                __aeabi_dsub
                0x08000288                __subdf3
                0x0800028c                __aeabi_dadd
                0x0800028c                __adddf3
                0x08000504                __floatunsidf
                0x08000504                __aeabi_ui2d
                0x08000524                __floatsidf
                0x08000524                __aeabi_i2d
                0x08000548                __aeabi_f2d
                0x08000548                __extendsfdf2
                0x0800058c                __floatundidf
                0x0800058c                __aeabi_ul2d
                0x0800059c                __floatdidf
                0x0800059c                __aeabi_l2d
 .text          0x080005f8      0x424 D:/stm32cubeide/STM32CubeIDE_2.0.0/STM32CubeIDE/plugins/com.st.stm32cube.ide.mcu.externaltools.gnu-tools-for-stm32.13.3.rel1.win32_1.0.100.202509120712/tools/bin/../lib/gcc/arm-none-eabi/13.3.1/thumb/v7e-m+fp/hard\libgcc.a(_arm_muldivdf3.o)
                0x080005f8                __aeabi_dmul
                0x080005f8                __muldf3
                0x0800084c                __divdf3
                0x0800084c                __aeabi_ddiv
 .text          0x08000a1c      0x110 D:/stm32cubeide/STM32CubeIDE_2.0.0/STM32CubeIDE/plugins/com.st.stm32cube.ide.mcu.externaltools.gnu-tools-for-stm32.13.3.rel1.win32_1.0.100.202509120712/tools/bin/../lib/gcc/arm-none-eabi/13.3.1/thumb/v7e-m+fp/hard\libgcc.a(_arm_cmpdf2.o)
                0x08000a1c                __gtdf2
                0x08000a1c                __gedf2
                0x08000a24                __ltdf2
                0x08000a24                __ledf2
                0x08000a2c                __nedf2
                0x08000a2c                __eqdf2
                0x08000a2c                __cmpdf2
                0x08000aa8                __aeabi_cdrcmple
                0x08000ab8                __aeabi_cdcmpeq
                0x08000ab8                __aeabi_cdcmple
                0x08000ac8                __aeabi_dcmpeq
                0x08000adc                __aeabi_dcmplt
                0x08000af0                __aeabi_dcmple
                0x08000b04                __aeabi_dcmpge
                0x08000b18                __aeabi_dcmpgt
 .text          0x08000b2c       0x2c D:/stm32cubeide/STM32CubeIDE_2.0.0/STM32CubeIDE/plugins/com.st.stm32cube.ide.mcu.externaltools.gnu-tools-for-stm32.13.3.rel1.win32_1.0.100.202509120712/tools/bin/../lib/gcc/arm-none-eabi/13.3.1/thumb/v7e-m+fp/hard\libgcc.a(_arm_unorddf2.o)
                0x08000b2c                __unorddf2
                0x08000b2c                __aeabi_dcmpun
 .text          0x08000b58       0x50 D:/stm32cubeide/STM32CubeIDE_2.0.0/STM32CubeIDE/plugins/com.st.stm32cube.ide.mcu.externaltools.gnu-tools-for-stm32.13.3.rel1.win32_1.0.100.202509120712/tools/bin/../lib/gcc/arm-none-eabi/13.3.1/thumb/v7e-m+fp/hard\libgcc.a(_arm_fixdfsi.o)
                0x08000b58                __aeabi_d2iz
                0x08000b58                __fixdfsi
 .text          0x08000ba8       0x40 D:/stm32cubeide/STM32CubeIDE_2.0.0/STM32CubeIDE/plugins/com.st.stm32cube.ide.mcu.externaltools.gnu-tools-for-stm32.13.3.rel1.win32_1.0.100.202509120712/tools/bin/../lib/gcc/arm-none-eabi/13.3.1/thumb/v7e-m+fp/hard\libgcc.a(_arm_fixunsdfsi.o)
                0x08000ba8                __aeabi_d2uiz
                0x08000ba8                __fixunsdfsi
 .text          0x08000be8       0xa0 D:/stm32cubeide/STM32CubeIDE_2.0.0/STM32CubeIDE/plugins/com.st.stm32cube.ide.mcu.externaltools.gnu-tools-for-stm32.13.3.rel1.win32_1.0.100.202509120712/tools/bin/../lib/gcc/arm-none-eabi/13.3.1/thumb/v7e-m+fp/hard\libgcc.a(_arm_truncdfsf2.o)
                0x08000be8                __truncdfsf2
                0x08000be8                __aeabi_d2f
 .text          0x08000c88       0x30 D:/stm32cubeide/STM32CubeIDE_2.0.0/STM32CubeIDE/plugins/com.st.stm32cube.ide.mcu.externaltools.gnu-tools-for-stm32.13.3.rel1.win32_1.0.100.202509120712/tools/bin/../lib/gcc/arm-none-eabi/13.3.1/thumb/v7e-m+fp/hard\libgcc.a(_aeabi_uldivmod.o)
                0x08000c88                __aeabi_uldivmod
 .text          0x08000cb8       0x30 D:/stm32cubeide/STM32CubeIDE_2.0.0/STM32CubeIDE/plugins/com.st.stm32cube.ide.mcu.externaltools.gnu-tools-for-stm32.13.3.rel1.win32_1.0.100.202509120712/tools/bin/../lib/gcc/arm-none-eabi/13.3.1/thumb/v7e-m+fp/hard\libgcc.a(_fixdfdi.o)
                0x08000cb8                __fixdfdi
                0x08000cb8                __aeabi_d2lz
 .text          0x08000ce8       0x3c D:/stm32cubeide/STM32CubeIDE_2.0.0/STM32CubeIDE/plugins/com.st.stm32cube.ide.mcu.externaltools.gnu-tools-for-stm32.13.3.rel1.win32_1.0.100.202509120712/tools/bin/../lib/gcc/arm-none-eabi/13.3.1/thumb/v7e-m+fp/hard\libgcc.a(_fixunsdfdi.o)
                0x08000ce8                __fixunsdfdi
                0x08000ce8                __aeabi_d2ulz
 .text          0x08000d24      0x2f8 D:/stm32cubeide/STM32CubeIDE_2.0.0/STM32CubeIDE/plugins/com.st.stm32cube.ide.mcu.externaltools.gnu-tools-for-stm32.13.3.rel1.win32_1.0.100.202509120712/tools/bin/../lib/gcc/arm-none-eabi/13.3.1/thumb/v7e-m+fp/hard\libgcc.a(_udivmoddi4.o)
                0x08000d24                __udivmoddi4
 .text          0x0800101c        0x4 D:/stm32cubeide/STM32CubeIDE_2.0.0/STM32CubeIDE/plugins/com.st.stm32cube.ide.mcu.externaltools.gnu-tools-for-stm32.13.3.rel1.win32_1.0.100.202509120712/tools/bin/../lib/gcc/arm-none-eabi/13.3.1/thumb/v7e-m+fp/hard\libgcc.a(_dvmd_tls.o)
                0x0800101c                __aeabi_idiv0
                0x0800101c                __aeabi_ldiv0
 *(.text*)
 .text._ZSt5isnand
                0x08001020       0x38 ./Core/Src/main.o
                0x08001020                std::isnan(double)
 .text.main     0x08001058       0x70 ./Core/Src/main.o
                0x08001058                main
 .text._Z18SystemClock_Configv
                0x080010c8       0xaa ./Core/Src/main.o
                0x080010c8                SystemClock_Config()
 *fill*         0x08001172        0x2 
 .text._ZL12MX_I2C1_Initv
                0x08001174       0x9c ./Core/Src/main.o
 .text._ZL19MX_USART2_UART_Initv
                0x08001210       0x68 ./Core/Src/main.o
 .text._ZL12MX_GPIO_Initv
                0x08001278       0x30 ./Core/Src/main.o
 .text._Z16StartDefaultTaskPv
                0x080012a8      0x1f8 ./Core/Src/main.o
                0x080012a8                StartDefaultTask(void*)
 .text._Z11StartTask02Pv
                0x080014a0       0x10 ./Core/Src/main.o
                0x080014a0                StartTask02(void*)
 .text.Error_Handler
                0x080014b0        0xc ./Core/Src/main.o
                0x080014b0                Error_Handler
 .text._Z41__static_initialization_and_destruction_0v
                0x080014bc       0x1c ./Core/Src/main.o
 .text._Z41__static_initialization_and_destruction_1v
                0x080014d8       0x14 ./Core/Src/main.o
 .text._GLOBAL__sub_I_hi2c1
                0x080014ec        0xa ./Core/Src/main.o
 .text._GLOBAL__sub_D_hi2c1
                0x080014f6        0xa ./Core/Src/main.o
 .text.HAL_MspInit
                0x08001500       0x50 ./Core/Src/stm32l4xx_hal_msp.o
                0x08001500                HAL_MspInit
 .text.HAL_I2C_MspInit
                0x08001550       0xb0 ./Core/Src/stm32l4xx_hal_msp.o
                0x08001550                HAL_I2C_MspInit
 .text.HAL_UART_MspInit
                0x08001600       0xb0 ./Core/Src/stm32l4xx_hal_msp.o
                0x08001600                HAL_UART_MspInit
 .text.NMI_Handler
                0x080016b0        0x8 ./Core/Src/stm32l4xx_it.o
                0x080016b0                NMI_Handler
 .text.HardFault_Handler
                0x080016b8        0x8 ./Core/Src/stm32l4xx_it.o
                0x080016b8                HardFault_Handler
 .text.MemManage_Handler
                0x080016c0        0x8 ./Core/Src/stm32l4xx_it.o
                0x080016c0                MemManage_Handler
 .text.BusFault_Handler
                0x080016c8        0x8 ./Core/Src/stm32l4xx_it.o
                0x080016c8                BusFault_Handler
 .text.UsageFault_Handler
                0x080016d0        0x8 ./Core/Src/stm32l4xx_it.o
                0x080016d0                UsageFault_Handler
 .text.DebugMon_Handler
                0x080016d8        0xe ./Core/Src/stm32l4xx_it.o
                0x080016d8                DebugMon_Handler
 *fill*         0x080016e6        0x2 
 .text.SysTick_Handler
                0x080016e8       0x24 ./Core/Src/stm32l4xx_it.o
                0x080016e8                SysTick_Handler
 .text._getpid  0x0800170c       0x10 ./Core/Src/syscalls.o
                0x0800170c                _getpid
 .text._kill    0x0800171c       0x20 ./Core/Src/syscalls.o
                0x0800171c                _kill
 .text._exit    0x0800173c       0x16 ./Core/Src/syscalls.o
                0x0800173c                _exit
 .text._read    0x08001752       0x3a ./Core/Src/syscalls.o
                0x08001752                _read
 .text._write   0x0800178c       0x38 ./Core/Src/syscalls.o
                0x0800178c                _write
 .text._close   0x080017c4       0x18 ./Core/Src/syscalls.o
                0x080017c4                _close
 .text._fstat   0x080017dc       0x20 ./Core/Src/syscalls.o
                0x080017dc                _fstat
 .text._isatty  0x080017fc       0x16 ./Core/Src/syscalls.o
                0x080017fc                _isatty
 .text._lseek   0x08001812       0x1a ./Core/Src/syscalls.o
                0x08001812                _lseek
 .text._sbrk    0x0800182c       0x6c ./Core/Src/sysmem.o
                0x0800182c                _sbrk
 .text.SystemInit
                0x08001898       0x24 ./Core/Src/system_stm32l4xx.o
                0x08001898                SystemInit
 .text.Reset_Handler
                0x080018bc       0x50 ./Core/Startup/startup_stm32l432kcux.o
                0x080018bc                Reset_Handler
 .text.Default_Handler
                0x0800190c        0x2 ./Core/Startup/startup_stm32l432kcux.o
                0x0800190c                RTC_Alarm_IRQHandler
                0x0800190c                EXTI2_IRQHandler
                0x0800190c                TIM1_CC_IRQHandler
                0x0800190c                TSC_IRQHandler
                0x0800190c                TAMP_STAMP_IRQHandler
                0x0800190c                EXTI3_IRQHandler
                0x0800190c                LPTIM2_IRQHandler
                0x0800190c                I2C3_ER_IRQHandler
                0x0800190c                EXTI0_IRQHandler
                0x0800190c                CAN1_RX0_IRQHandler
                0x0800190c                FPU_IRQHandler
                0x0800190c                TIM1_UP_TIM16_IRQHandler
                0x0800190c                SPI1_IRQHandler
                0x0800190c                TIM6_DAC_IRQHandler
                0x0800190c                DMA2_Channel2_IRQHandler
                0x0800190c                DMA1_Channel4_IRQHandler
                0x0800190c                ADC1_IRQHandler
                0x0800190c                DMA1_Channel7_IRQHandler
                0x0800190c                CAN1_RX1_IRQHandler
                0x0800190c                DMA2_Channel1_IRQHandler
                0x0800190c                QUADSPI_IRQHandler
                0x0800190c                I2C1_EV_IRQHandler
                0x0800190c                DMA1_Channel6_IRQHandler
                0x0800190c                DMA2_Channel4_IRQHandler
                0x0800190c                RCC_IRQHandler
                0x0800190c                TIM1_TRG_COM_IRQHandler
                0x0800190c                DMA1_Channel1_IRQHandler
                0x0800190c                Default_Handler
                0x0800190c                DMA2_Channel7_IRQHandler
                0x0800190c                EXTI15_10_IRQHandler
                0x0800190c                TIM7_IRQHandler
                0x0800190c                I2C3_EV_IRQHandler
                0x0800190c                USB_IRQHandler
                0x0800190c                EXTI9_5_IRQHandler
                0x0800190c                RTC_WKUP_IRQHandler
                0x0800190c                PVD_PVM_IRQHandler
                0x0800190c                CAN1_TX_IRQHandler
                0x0800190c                DMA2_Channel5_IRQHandler
                0x0800190c                CRS_IRQHandler
                0x0800190c                DMA1_Channel5_IRQHandler
                0x0800190c                EXTI4_IRQHandler
                0x0800190c                RNG_IRQHandler
                0x0800190c                DMA1_Channel3_IRQHandler
                0x0800190c                COMP_IRQHandler
                0x0800190c                WWDG_IRQHandler
                0x0800190c                LPUART1_IRQHandler
                0x0800190c                DMA2_Channel6_IRQHandler
                0x0800190c                TIM2_IRQHandler
                0x0800190c                EXTI1_IRQHandler
                0x0800190c                USART2_IRQHandler
                0x0800190c                DMA1_Channel2_IRQHandler
                0x0800190c                CAN1_SCE_IRQHandler
                0x0800190c                FLASH_IRQHandler
                0x0800190c                USART1_IRQHandler
                0x0800190c                SPI3_IRQHandler
                0x0800190c                I2C1_ER_IRQHandler
                0x0800190c                SWPMI1_IRQHandler
                0x0800190c                LPTIM1_IRQHandler
                0x0800190c                SAI1_IRQHandler
                0x0800190c                DMA2_Channel3_IRQHandler
                0x0800190c                TIM1_BRK_TIM15_IRQHandler
 .text.HAL_Init
                0x0800190e       0x30 ./Drivers/STM32L4xx_HAL_Driver/stm32l4xx_hal.o
                0x0800190e                HAL_Init
 *fill*         0x0800193e        0x2 
 .text.HAL_InitTick
                0x08001940       0x78 ./Drivers/STM32L4xx_HAL_Driver/stm32l4xx_hal.o
                0x08001940                HAL_InitTick
 .text.HAL_IncTick
                0x080019b8       0x28 ./Drivers/STM32L4xx_HAL_Driver/stm32l4xx_hal.o
                0x080019b8                HAL_IncTick
 .text.HAL_GetTick
                0x080019e0       0x18 ./Drivers/STM32L4xx_HAL_Driver/stm32l4xx_hal.o
                0x080019e0                HAL_GetTick
 .text.__NVIC_SetPriorityGrouping
                0x080019f8       0x48 ./Drivers/STM32L4xx_HAL_Driver/stm32l4xx_hal_cortex.o
 .text.__NVIC_GetPriorityGrouping
                0x08001a40       0x1c ./Drivers/STM32L4xx_HAL_Driver/stm32l4xx_hal_cortex.o
 .text.__NVIC_SetPriority
                0x08001a5c       0x54 ./Drivers/STM32L4xx_HAL_Driver/stm32l4xx_hal_cortex.o
 .text.NVIC_EncodePriority
                0x08001ab0       0x66 ./Drivers/STM32L4xx_HAL_Driver/stm32l4xx_hal_cortex.o
 *fill*         0x08001b16        0x2 
 .text.SysTick_Config
                0x08001b18       0x44 ./Drivers/STM32L4xx_HAL_Driver/stm32l4xx_hal_cortex.o
 .text.HAL_NVIC_SetPriorityGrouping
                0x08001b5c       0x16 ./Drivers/STM32L4xx_HAL_Driver/stm32l4xx_hal_cortex.o
                0x08001b5c                HAL_NVIC_SetPriorityGrouping
 .text.HAL_NVIC_SetPriority
                0x08001b72       0x38 ./Drivers/STM32L4xx_HAL_Driver/stm32l4xx_hal_cortex.o
                0x08001b72                HAL_NVIC_SetPriority
 .text.HAL_SYSTICK_Config
                0x08001baa       0x18 ./Drivers/STM32L4xx_HAL_Driver/stm32l4xx_hal_cortex.o
                0x08001baa                HAL_SYSTICK_Config
 *fill*         0x08001bc2        0x2 
 .text.HAL_GPIO_Init
                0x08001bc4      0x2d4 ./Drivers/STM32L4xx_HAL_Driver/stm32l4xx_hal_gpio.o
                0x08001bc4                HAL_GPIO_Init
 .text.HAL_I2C_Init
                0x08001e98      0x136 ./Drivers/STM32L4xx_HAL_Driver/stm32l4xx_hal_i2c.o
                0x08001e98                HAL_I2C_Init
 *fill*         0x08001fce        0x2 
 .text.HAL_I2C_Mem_Write
                0x08001fd0      0x228 ./Drivers/STM32L4xx_HAL_Driver/stm32l4xx_hal_i2c.o
                0x08001fd0                HAL_I2C_Mem_Write
 .text.HAL_I2C_Mem_Read
                0x080021f8      0x234 ./Drivers/STM32L4xx_HAL_Driver/stm32l4xx_hal_i2c.o
                0x080021f8                HAL_I2C_Mem_Read
 .text.HAL_I2C_IsDeviceReady
                0x0800242c      0x1e8 ./Drivers/STM32L4xx_HAL_Driver/stm32l4xx_hal_i2c.o
                0x0800242c                HAL_I2C_IsDeviceReady
 .text.I2C_RequestMemoryWrite
                0x08002614       0xa8 ./Drivers/STM32L4xx_HAL_Driver/stm32l4xx_hal_i2c.o
 .text.I2C_RequestMemoryRead
                0x080026bc       0xa8 ./Drivers/STM32L4xx_HAL_Driver/stm32l4xx_hal_i2c.o
 .text.I2C_Flush_TXDR
                0x08002764       0x48 ./Drivers/STM32L4xx_HAL_Driver/stm32l4xx_hal_i2c.o
 .text.I2C_WaitOnFlagUntilTimeout
                0x080027ac       0xb2 ./Drivers/STM32L4xx_HAL_Driver/stm32l4xx_hal_i2c.o
 .text.I2C_WaitOnTXISFlagUntilTimeout
                0x0800285e       0x8e ./Drivers/STM32L4xx_HAL_Driver/stm32l4xx_hal_i2c.o
 .text.I2C_WaitOnSTOPFlagUntilTimeout
                0x080028ec       0x86 ./Drivers/STM32L4xx_HAL_Driver/stm32l4xx_hal_i2c.o
 *fill*         0x08002972        0x2 
 .text.I2C_IsErrorOccurred
                0x08002974      0x1c0 ./Drivers/STM32L4xx_HAL_Driver/stm32l4xx_hal_i2c.o
 .text.I2C_TransferConfig
                0x08002b34       0x64 ./Drivers/STM32L4xx_HAL_Driver/stm32l4xx_hal_i2c.o
 .text.HAL_I2CEx_ConfigAnalogFilter
                0x08002b98       0x96 ./Drivers/STM32L4xx_HAL_Driver/stm32l4xx_hal_i2c_ex.o
                0x08002b98                HAL_I2CEx_ConfigAnalogFilter
 .text.HAL_I2CEx_ConfigDigitalFilter
                0x08002c2e       0x98 ./Drivers/STM32L4xx_HAL_Driver/stm32l4xx_hal_i2c_ex.o
                0x08002c2e                HAL_I2CEx_ConfigDigitalFilter
 *fill*         0x08002cc6        0x2 
 .text.HAL_PWREx_GetVoltageRange
                0x08002cc8       0x1c ./Drivers/STM32L4xx_HAL_Driver/stm32l4xx_hal_pwr_ex.o
                0x08002cc8                HAL_PWREx_GetVoltageRange
 .text.HAL_PWREx_ControlVoltageScaling
                0x08002ce4       0xac ./Drivers/STM32L4xx_HAL_Driver/stm32l4xx_hal_pwr_ex.o
                0x08002ce4                HAL_PWREx_ControlVoltageScaling
 .text.HAL_RCC_OscConfig
                0x08002d90      0x828 ./Drivers/STM32L4xx_HAL_Driver/stm32l4xx_hal_rcc.o
                0x08002d90                HAL_RCC_OscConfig
 .text.HAL_RCC_ClockConfig
                0x080035b8      0x200 ./Drivers/STM32L4xx_HAL_Driver/stm32l4xx_hal_rcc.o
                0x080035b8                HAL_RCC_ClockConfig
 .text.HAL_RCC_GetSysClockFreq
                0x080037b8      0x118 ./Drivers/STM32L4xx_HAL_Driver/stm32l4xx_hal_rcc.o
                0x080037b8                HAL_RCC_GetSysClockFreq
 .text.HAL_RCC_GetHCLKFreq
                0x080038d0       0x18 ./Drivers/STM32L4xx_HAL_Driver/stm32l4xx_hal_rcc.o
                0x080038d0                HAL_RCC_GetHCLKFreq
 .text.HAL_RCC_GetPCLK1Freq
                0x080038e8       0x2c ./Drivers/STM32L4xx_HAL_Driver/stm32l4xx_hal_rcc.o
                0x080038e8                HAL_RCC_GetPCLK1Freq
 .text.HAL_RCC_GetPCLK2Freq
                0x08003914       0x2c ./Drivers/STM32L4xx_HAL_Driver/stm32l4xx_hal_rcc.o
                0x08003914                HAL_RCC_GetPCLK2Freq
 .text.RCC_SetFlashLatencyFromMSIRange
                0x08003940       0xc0 ./Drivers/STM32L4xx_HAL_Driver/stm32l4xx_hal_rcc.o
 .text.HAL_RCCEx_PeriphCLKConfig
                0x08003a00      0x3ec ./Drivers/STM32L4xx_HAL_Driver/stm32l4xx_hal_rcc_ex.o
                0x08003a00                HAL_RCCEx_PeriphCLKConfig
 .text.RCCEx_PLLSAI1_Config
                0x08003dec      0x1e4 ./Drivers/STM32L4xx_HAL_Driver/stm32l4xx_hal_rcc_ex.o
 .text.HAL_UART_Init
                0x08003fd0       0x9c ./Drivers/STM32L4xx_HAL_Driver/stm32l4xx_hal_uart.o
                0x08003fd0                HAL_UART_Init
 .text.HAL_UART_Transmit
                0x0800406c      0x126 ./Drivers/STM32L4xx_HAL_Driver/stm32l4xx_hal_uart.o
                0x0800406c                HAL_UART_Transmit
 *fill*         0x08004192        0x2 
 .text.UART_SetConfig
                0x08004194      0x458 ./Drivers/STM32L4xx_HAL_Driver/stm32l4xx_hal_uart.o
                0x08004194                UART_SetConfig
 .text.UART_AdvFeatureConfig
                0x080045ec      0x144 ./Drivers/STM32L4xx_HAL_Driver/stm32l4xx_hal_uart.o
                0x080045ec                UART_AdvFeatureConfig
 .text.UART_CheckIdleState
                0x08004730      0x150 ./Drivers/STM32L4xx_HAL_Driver/stm32l4xx_hal_uart.o
                0x08004730                UART_CheckIdleState
 .text.UART_WaitOnFlagUntilTimeout
                0x08004880       0xda ./Drivers/STM32L4xx_HAL_Driver/stm32l4xx_hal_uart.o
                0x08004880                UART_WaitOnFlagUntilTimeout
 .text.UART_EndRxTransfer
                0x0800495a       0xc8 ./Drivers/STM32L4xx_HAL_Driver/stm32l4xx_hal_uart.o
 *fill*         0x08004a22        0x2 
 .text.__NVIC_SetPriority
                0x08004a24       0x54 ./Middlewares/FreeRTOS/cmsis_os2.o
 .text.SVC_Setup
                0x08004a78       0x12 ./Middlewares/FreeRTOS/cmsis_os2.o
 *fill*         0x08004a8a        0x2 
 .text.osKernelInitialize
                0x08004a8c       0x48 ./Middlewares/FreeRTOS/cmsis_os2.o
                0x08004a8c                osKernelInitialize
 .text.osKernelStart
                0x08004ad4       0x4c ./Middlewares/FreeRTOS/cmsis_os2.o
                0x08004ad4                osKernelStart
 .text.osThreadNew
                0x08004b20      0x124 ./Middlewares/FreeRTOS/cmsis_os2.o
                0x08004b20                osThreadNew
 .text.osDelay  0x08004c44       0x36 ./Middlewares/FreeRTOS/cmsis_os2.o
                0x08004c44                osDelay
 .text.osMutexNew
                0x08004c7a      0x10c ./Middlewares/FreeRTOS/cmsis_os2.o
                0x08004c7a                osMutexNew
 *fill*         0x08004d86        0x2 
 .text.vApplicationGetIdleTaskMemory
                0x08004d88       0x34 ./Middlewares/FreeRTOS/cmsis_os2.o
                0x08004d88                vApplicationGetIdleTaskMemory
 .text.vApplicationGetTimerTaskMemory
                0x08004dbc       0x34 ./Middlewares/FreeRTOS/cmsis_os2.o
                0x08004dbc                vApplicationGetTimerTaskMemory
 .text.pvPortMalloc
                0x08004df0      0x19c ./Middlewares/FreeRTOS/heap_4.o
                0x08004df0                pvPortMalloc
 .text.vPortFree
                0x08004f8c       0xc8 ./Middlewares/FreeRTOS/heap_4.o
                0x08004f8c                vPortFree
 .text.prvHeapInit
                0x08005054       0xc4 ./Middlewares/FreeRTOS/heap_4.o
 .text.prvInsertBlockIntoFreeList
                0x08005118       0xb4 ./Middlewares/FreeRTOS/heap_4.o
 .text.vListInitialise
                0x080051cc       0x40 ./Middlewares/FreeRTOS/list.o
                0x080051cc                vListInitialise
 .text.vListInitialiseItem
                0x0800520c       0x1a ./Middlewares/FreeRTOS/list.o
                0x0800520c                vListInitialiseItem
 .text.vListInsertEnd
                0x08005226       0x48 ./Middlewares/FreeRTOS/list.o
                0x08005226                vListInsertEnd
 .text.vListInsert
                0x0800526e       0x72 ./Middlewares/FreeRTOS/list.o
                0x0800526e                vListInsert
 .text.uxListRemove
                0x080052e0       0x54 ./Middlewares/FreeRTOS/list.o
                0x080052e0                uxListRemove
 .text.pxPortInitialiseStack
                0x08005334       0x68 ./Middlewares/FreeRTOS/port.o
                0x08005334                pxPortInitialiseStack
 .text.prvTaskExitError
                0x0800539c       0x5c ./Middlewares/FreeRTOS/port.o
 *fill*         0x080053f8        0x8 
 .text.SVC_Handler
                0x08005400       0x28 ./Middlewares/FreeRTOS/port.o
                0x08005400                SVC_Handler
 .text.prvPortStartFirstTask
                0x08005428       0x28 ./Middlewares/FreeRTOS/port.o
 .text.xPortStartScheduler
                0x08005450      0x148 ./Middlewares/FreeRTOS/port.o
                0x08005450                xPortStartScheduler
 .text.vPortEnterCritical
                0x08005598       0x64 ./Middlewares/FreeRTOS/port.o
                0x08005598                vPortEnterCritical
 .text.vPortExitCritical
                0x080055fc       0x54 ./Middlewares/FreeRTOS/port.o
                0x080055fc                vPortExitCritical
 .text.PendSV_Handler
                0x08005650       0x68 ./Middlewares/FreeRTOS/port.o
                0x08005650                PendSV_Handler
 .text.xPortSysTickHandler
                0x080056b8       0x44 ./Middlewares/FreeRTOS/port.o
                0x080056b8                xPortSysTickHandler
 .text.vPortSetupTimerInterrupt
                0x080056fc       0x48 ./Middlewares/FreeRTOS/port.o
                0x080056fc                vPortSetupTimerInterrupt
 .text.vPortEnableVFP
                0x08005744       0x14 ./Middlewares/FreeRTOS/port.o
 .text.vPortValidateInterruptPriority
                0x08005758       0x84 ./Middlewares/FreeRTOS/port.o
                0x08005758                vPortValidateInterruptPriority
 .text.xQueueGenericReset
                0x080057dc       0xd4 ./Middlewares/FreeRTOS/queue.o
                0x080057dc                xQueueGenericReset
 .text.xQueueGenericCreateStatic
                0x080058b0       0xfa ./Middlewares/FreeRTOS/queue.o
                0x080058b0                xQueueGenericCreateStatic
 .text.xQueueGenericCreate
                0x080059aa       0x76 ./Middlewares/FreeRTOS/queue.o
                0x080059aa                xQueueGenericCreate
 .text.prvInitialiseNewQueue
                0x08005a20       0x46 ./Middlewares/FreeRTOS/queue.o
 .text.prvInitialiseMutex
                0x08005a66       0x34 ./Middlewares/FreeRTOS/queue.o
 .text.xQueueCreateMutex
                0x08005a9a       0x30 ./Middlewares/FreeRTOS/queue.o
                0x08005a9a                xQueueCreateMutex
 .text.xQueueCreateMutexStatic
                0x08005aca       0x36 ./Middlewares/FreeRTOS/queue.o
                0x08005aca                xQueueCreateMutexStatic
 .text.xQueueGenericSend
                0x08005b00      0x204 ./Middlewares/FreeRTOS/queue.o
                0x08005b00                xQueueGenericSend
 .text.xQueueGenericSendFromISR
                0x08005d04      0x13c ./Middlewares/FreeRTOS/queue.o
                0x08005d04                xQueueGenericSendFromISR
 .text.xQueueReceive
                0x08005e40      0x1c4 ./Middlewares/FreeRTOS/queue.o
                0x08005e40                xQueueReceive
 .text.prvCopyDataToQueue
                0x08006004       0xd4 ./Middlewares/FreeRTOS/queue.o
 .text.prvCopyDataFromQueue
                0x080060d8       0x4c ./Middlewares/FreeRTOS/queue.o
 .text.prvUnlockQueue
                0x08006124       0xa4 ./Middlewares/FreeRTOS/queue.o
 .text.prvIsQueueEmpty
                0x080061c8       0x2c ./Middlewares/FreeRTOS/queue.o
 .text.prvIsQueueFull
                0x080061f4       0x30 ./Middlewares/FreeRTOS/queue.o
 .text.vQueueAddToRegistry
                0x08006224       0x54 ./Middlewares/FreeRTOS/queue.o
                0x08006224                vQueueAddToRegistry
 .text.vQueueWaitForMessageRestricted
                0x08006278       0x68 ./Middlewares/FreeRTOS/queue.o
                0x08006278                vQueueWaitForMessageRestricted
 .text.xTaskCreateStatic
                0x080062e0       0xc0 ./Middlewares/FreeRTOS/tasks.o
                0x080062e0                xTaskCreateStatic
 .text.xTaskCreate
                0x080063a0       0x8a ./Middlewares/FreeRTOS/tasks.o
                0x080063a0                xTaskCreate
 *fill*         0x0800642a        0x2 
 .text.prvInitialiseNewTask
                0x0800642c      0x150 ./Middlewares/FreeRTOS/tasks.o
 .text.prvAddNewTaskToReadyList
                0x0800657c       0xe0 ./Middlewares/FreeRTOS/tasks.o
 .text.vTaskDelay
                0x0800665c       0x6c ./Middlewares/FreeRTOS/tasks.o
                0x0800665c                vTaskDelay
 .text.vTaskStartScheduler
                0x080066c8       0xe0 ./Middlewares/FreeRTOS/tasks.o
                0x080066c8                vTaskStartScheduler
 .text.vTaskSuspendAll
                0x080067a8       0x1c ./Middlewares/FreeRTOS/tasks.o
                0x080067a8                vTaskSuspendAll
 .text.xTaskResumeAll
                0x080067c4      0x13c ./Middlewares/FreeRTOS/tasks.o
                0x080067c4                xTaskResumeAll
 .text.xTaskGetTickCount
                0x08006900       0x20 ./Middlewares/FreeRTOS/tasks.o
                0x08006900                xTaskGetTickCount
 .text.xTaskIncrementTick
                0x08006920      0x174 ./Middlewares/FreeRTOS/tasks.o
                0x08006920                xTaskIncrementTick
 .text.vTaskSwitchContext
                0x08006a94       0xcc ./Middlewares/FreeRTOS/tasks.o
                0x08006a94                vTaskSwitchContext
 .text.vTaskPlaceOnEventList
                0x08006b60       0x4c ./Middlewares/FreeRTOS/tasks.o
                0x08006b60                vTaskPlaceOnEventList
 .text.vTaskPlaceOnEventListRestricted
                0x08006bac       0x58 ./Middlewares/FreeRTOS/tasks.o
                0x08006bac                vTaskPlaceOnEventListRestricted
 .text.xTaskRemoveFromEventList
                0x08006c04       0xc8 ./Middlewares/FreeRTOS/tasks.o
                0x08006c04                xTaskRemoveFromEventList
 .text.vTaskInternalSetTimeOutState
                0x08006ccc       0x2c ./Middlewares/FreeRTOS/tasks.o
                0x08006ccc                vTaskInternalSetTimeOutState
 .text.xTaskCheckForTimeOut
                0x08006cf8       0xc8 ./Middlewares/FreeRTOS/tasks.o
                0x08006cf8                xTaskCheckForTimeOut
 .text.vTaskMissedYield
                0x08006dc0       0x18 ./Middlewares/FreeRTOS/tasks.o
                0x08006dc0                vTaskMissedYield
 .text.prvIdleTask
                0x08006dd8       0x30 ./Middlewares/FreeRTOS/tasks.o
 .text.prvInitialiseTaskLists
                0x08006e08       0x80 ./Middlewares/FreeRTOS/tasks.o
 .text.prvCheckTasksWaitingTermination
                0x08006e88       0x5c ./Middlewares/FreeRTOS/tasks.o
 .text.prvDeleteTCB
                0x08006ee4       0x6a ./Middlewares/FreeRTOS/tasks.o
 *fill*         0x08006f4e        0x2 
 .text.prvResetNextTaskUnblockTime
                0x08006f50       0x40 ./Middlewares/FreeRTOS/tasks.o
 .text.xTaskGetSchedulerState
                0x08006f90       0x3c ./Middlewares/FreeRTOS/tasks.o
                0x08006f90                xTaskGetSchedulerState
 .text.xTaskPriorityDisinherit
                0x08006fcc       0xe0 ./Middlewares/FreeRTOS/tasks.o
                0x08006fcc                xTaskPriorityDisinherit
 .text.prvAddCurrentTaskToDelayedList
                0x080070ac       0xa8 ./Middlewares/FreeRTOS/tasks.o
 .text.xTimerCreateTimerTask
                0x08007154       0x94 ./Middlewares/FreeRTOS/timers.o
                0x08007154                xTimerCreateTimerTask
 .text.xTimerGenericCommand
                0x080071e8       0x9c ./Middlewares/FreeRTOS/timers.o
                0x080071e8                xTimerGenericCommand
 .text.prvProcessExpiredTimer
                0x08007284       0x9c ./Middlewares/FreeRTOS/timers.o
 .text.prvTimerTask
                0x08007320       0x26 ./Middlewares/FreeRTOS/timers.o
 *fill*         0x08007346        0x2 
 .text.prvProcessTimerOrBlockTask
                0x08007348       0x9c ./Middlewares/FreeRTOS/timers.o
 .text.prvGetNextExpireTime
                0x080073e4       0x48 ./Middlewares/FreeRTOS/timers.o
 .text.prvSampleTimeNow
                0x0800742c       0x40 ./Middlewares/FreeRTOS/timers.o
 .text.prvInsertTimerInActiveList
                0x0800746c       0x84 ./Middlewares/FreeRTOS/timers.o
 .text.prvProcessReceivedCommands
                0x080074f0      0x1cc ./Middlewares/FreeRTOS/timers.o
 .text.prvSwitchTimerLists
                0x080076bc       0xcc ./Middlewares/FreeRTOS/timers.o
 .text.prvCheckForValidListAndQueue
                0x08007788       0x80 ./Middlewares/FreeRTOS/timers.o
 .text._ZN6BME2806bme280C2Ev
                0x08007808       0x30 ./bme280/BME280.o
                0x08007808                BME280::bme280::bme280()
                0x08007808                BME280::bme280::bme280()
 .text._ZN6BME2806bme280D2Ev
                0x08007838       0x28 ./bme280/BME280.o
                0x08007838                BME280::bme280::~bme280()
                0x08007838                BME280::bme280::~bme280()
 .text._ZN6BME2806bme280D0Ev
                0x08007860       0x20 ./bme280/BME280.o
                0x08007860                BME280::bme280::~bme280()
 .text._ZN6BME2806bme2804initEv
                0x08007880       0x16 ./bme280/BME280.o
                0x08007880                BME280::bme280::init()
 .text._ZN6BME2809bme280i2c4initEv
                0x08007896       0x34 ./bme280/BME280.o
                0x08007896                BME280::bme280i2c::init()
 *fill*         0x080078ca        0x2 
 .text._ZN6BME2806bme2804mainEv
                0x080078cc      0x228 ./bme280/BME280.o
                0x080078cc                BME280::bme280::main()
 .text._ZN6BME2806bme2808readReg8ENS_17bme280_reg_addr_tEPh
                0x08007af4       0x1c ./bme280/BME280.o
                0x08007af4                BME280::bme280::readReg8(BME280::bme280_reg_addr_t, unsigned char*)
 .text._ZN6BME2806bme2809writeReg8ENS_17bme280_reg_addr_tEPh
                0x08007b10       0x1c ./bme280/BME280.o
                0x08007b10                BME280::bme280::writeReg8(BME280::bme280_reg_addr_t, unsigned char*)
 .text._ZN6BME2806bme28012readRegMultiENS_17bme280_reg_addr_tEPhh
                0x08007b2c       0x20 ./bme280/BME280.o
                0x08007b2c                BME280::bme280::readRegMulti(BME280::bme280_reg_addr_t, unsigned char*, unsigned char)
 .text._ZN6BME2806bme28013writeRegMultiEv
                0x08007b4c       0x14 ./bme280/BME280.o
                0x08007b4c                BME280::bme280::writeRegMulti()
 .text._ZN6BME2806bme2805resetEv
                0x08007b60       0x26 ./bme280/BME280.o
                0x08007b60                BME280::bme280::reset()
 *fill*         0x08007b86        0x2 
 .text._ZN6BME2806bme28026bme280_compensate_T_doubleEl
                0x08007b88      0x190 ./bme280/BME280.o
                0x08007b88                BME280::bme280::bme280_compensate_T_double(long)
 .text._ZN6BME2806bme28026bme280_compensate_P_doubleEl
                0x08007d18      0x2bc ./bme280/BME280.o
                0x08007d18                BME280::bme280::bme280_compensate_P_double(long)
 .text._ZN6BME2806bme28026bme280_compensate_H_doubleEl
                0x08007fd4      0x218 ./bme280/BME280.o
                0x08007fd4                BME280::bme280::bme280_compensate_H_double(long)
 .text._ZN6BME2806bme2809readIDRegEv
                0x080081ec       0x30 ./bme280/BME280.o
                0x080081ec                BME280::bme280::readIDReg()
 .text._ZN6BME2806bme28013readStatusRegEv
                0x0800821c       0x22 ./bme280/BME280.o
                0x0800821c                BME280::bme280::readStatusReg()
 .text._ZN6BME2806bme2807readCalEv
                0x0800823e      0x180 ./bme280/BME280.o
                0x0800823e                BME280::bme280::readCal()
 .text._ZN6BME2806bme28010readHumCalEv
                0x080083be       0xde ./bme280/BME280.o
                0x080083be                BME280::bme280::readHumCal()
 .text._ZN6BME2806bme28014setCtrlMeasRegEv
                0x0800849c       0x70 ./bme280/BME280.o
                0x0800849c                BME280::bme280::setCtrlMeasReg()
 .text._ZN6BME2806bme28012setConfigRegEv
                0x0800850c       0x70 ./bme280/BME280.o
                0x0800850c                BME280::bme280::setConfigReg()
 .text._ZN6BME2806bme28013setCtrlHumRegEv
                0x0800857c       0x3c ./bme280/BME280.o
                0x0800857c                BME280::bme280::setCtrlHumReg()
 .text._ZN6BME2806bme28016startMeasurementEv
                0x080085b8       0x3a ./bme280/BME280.o
                0x080085b8                BME280::bme280::startMeasurement()
 .text._ZN6BME2806bme28019readTempPressureHumEPdS1_S1_
                0x080085f2      0x14a ./bme280/BME280.o
                0x080085f2                BME280::bme280::readTempPressureHum(double*, double*, double*)
 .text._ZN6BME2806bme2807newDataEv
                0x0800873c       0x26 ./bme280/BME280.o
                0x0800873c                BME280::bme280::newData()
 .text._ZN6BME2806bme28014GetTemperatureEPd
                0x08008762       0x2c ./bme280/BME280.o
                0x08008762                BME280::bme280::GetTemperature(double*)
 .text._ZN6BME2806bme28011GetPressureEPd
                0x0800878e       0x2c ./bme280/BME280.o
                0x0800878e                BME280::bme280::GetPressure(double*)
 .text._ZN6BME2806bme28011GetHumidityEPd
                0x080087ba       0x2c ./bme280/BME280.o
                0x080087ba                BME280::bme280::GetHumidity(double*)
 *fill*         0x080087e6        0x2 
 .text._ZN6BME2809bme280i2cC2ENS_14bme280_param_tE
                0x080087e8       0x58 ./bme280/BME280.o
                0x080087e8                BME280::bme280i2c::bme280i2c(BME280::bme280_param_t)
                0x080087e8                BME280::bme280i2c::bme280i2c(BME280::bme280_param_t)
 .text._ZN6BME2809bme280i2cD2Ev
                0x08008840       0x30 ./bme280/BME280.o
                0x08008840                BME280::bme280i2c::~bme280i2c()
                0x08008840                BME280::bme280i2c::~bme280i2c()
 .text._ZN6BME2809bme280i2cD0Ev
                0x08008870       0x20 ./bme280/BME280.o
                0x08008870                BME280::bme280i2c::~bme280i2c()
 .text._ZN6BME2809bme280i2c8readReg8ENS_17bme280_reg_addr_tEPh
                0x08008890       0x38 ./bme280/BME280.o
                0x08008890                BME280::bme280i2c::readReg8(BME280::bme280_reg_addr_t, unsigned char*)
 .text._ZN6BME2809bme280i2c9writeReg8ENS_17bme280_reg_addr_tEPh
                0x080088c8       0x3c ./bme280/BME280.o
                0x080088c8                BME280::bme280i2c::writeReg8(BME280::bme280_reg_addr_t, unsigned char*)
 .text._ZN6BME2809bme280i2c12readRegMultiENS_17bme280_reg_addr_tEPhh
                0x08008904       0x44 ./bme280/BME280.o
                0x08008904                BME280::bme280i2c::readRegMulti(BME280::bme280_reg_addr_t, unsigned char*, unsigned char)
 .text._ZN6BME2809bme280i2c13writeRegMultiEv
                0x08008948       0x14 ./bme280/BME280.o
                0x08008948                BME280::bme280i2c::writeRegMulti()
 .text._ZdlPvj  0x0800895c        0x4 D:/stm32cubeide/STM32CubeIDE_2.0.0/STM32CubeIDE/plugins/com.st.stm32cube.ide.mcu.externaltools.gnu-tools-for-stm32.13.3.rel1.win32_1.0.100.202509120712/tools/bin/../lib/gcc/arm-none-eabi/13.3.1/../../../../arm-none-eabi/lib/thumb/v7e-m+fp/hard\libstdc++_nano.a(del_ops.o)
                0x0800895c                operator delete(void*, unsigned int)
 .text._ZdlPv   0x08008960        0x4 D:/stm32cubeide/STM32CubeIDE_2.0.0/STM32CubeIDE/plugins/com.st.stm32cube.ide.mcu.externaltools.gnu-tools-for-stm32.13.3.rel1.win32_1.0.100.202509120712/tools/bin/../lib/gcc/arm-none-eabi/13.3.1/../../../../arm-none-eabi/lib/thumb/v7e-m+fp/hard\libstdc++_nano.a(del_op.o)
                0x08008960                operator delete(void*)
 .text.malloc   0x08008964       0x10 D:/stm32cubeide/STM32CubeIDE_2.0.0/STM32CubeIDE/plugins/com.st.stm32cube.ide.mcu.externaltools.gnu-tools-for-stm32.13.3.rel1.win32_1.0.100.202509120712/tools/bin/../lib/gcc/arm-none-eabi/13.3.1/../../../../arm-none-eabi/lib/thumb/v7e-m+fp/hard\libc_nano.a(libc_a-malloc.o)
                0x08008964                malloc
 .text.free     0x08008974       0x10 D:/stm32cubeide/STM32CubeIDE_2.0.0/STM32CubeIDE/plugins/com.st.stm32cube.ide.mcu.externaltools.gnu-tools-for-stm32.13.3.rel1.win32_1.0.100.202509120712/tools/bin/../lib/gcc/arm-none-eabi/13.3.1/../../../../arm-none-eabi/lib/thumb/v7e-m+fp/hard\libc_nano.a(libc_a-malloc.o)
                0x08008974                free
 .text.sbrk_aligned
                0x08008984       0x44 D:/stm32cubeide/STM32CubeIDE_2.0.0/STM32CubeIDE/plugins/com.st.stm32cube.ide.mcu.externaltools.gnu-tools-for-stm32.13.3.rel1.win32_1.0.100.202509120712/tools/bin/../lib/gcc/arm-none-eabi/13.3.1/../../../../arm-none-eabi/lib/thumb/v7e-m+fp/hard\libc_nano.a(libc_a-mallocr.o)
 .text._malloc_r
                0x080089c8      0x100 D:/stm32cubeide/STM32CubeIDE_2.0.0/STM32CubeIDE/plugins/com.st.stm32cube.ide.mcu.externaltools.gnu-tools-for-stm32.13.3.rel1.win32_1.0.100.202509120712/tools/bin/../lib/gcc/arm-none-eabi/13.3.1/../../../../arm-none-eabi/lib/thumb/v7e-m+fp/hard\libc_nano.a(libc_a-mallocr.o)
                0x080089c8                _malloc_r
 .text.__malloc_lock
                0x08008ac8        0xc D:/stm32cubeide/STM32CubeIDE_2.0.0/STM32CubeIDE/plugins/com.st.stm32cube.ide.mcu.externaltools.gnu-tools-for-stm32.13.3.rel1.win32_1.0.100.202509120712/tools/bin/../lib/gcc/arm-none-eabi/13.3.1/../../../../arm-none-eabi/lib/thumb/v7e-m+fp/hard\libc_nano.a(libc_a-mlock.o)
                0x08008ac8                __malloc_lock
 .text.__malloc_unlock
                0x08008ad4        0xc D:/stm32cubeide/STM32CubeIDE_2.0.0/STM32CubeIDE/plugins/com.st.stm32cube.ide.mcu.externaltools.gnu-tools-for-stm32.13.3.rel1.win32_1.0.100.202509120712/tools/bin/../lib/gcc/arm-none-eabi/13.3.1/../../../../arm-none-eabi/lib/thumb/v7e-m+fp/hard\libc_nano.a(libc_a-mlock.o)
                0x08008ad4                __malloc_unlock
 .text.__cvt    0x08008ae0       0xca D:/stm32cubeide/STM32CubeIDE_2.0.0/STM32CubeIDE/plugins/com.st.stm32cube.ide.mcu.externaltools.gnu-tools-for-stm32.13.3.rel1.win32_1.0.100.202509120712/tools/bin/../lib/gcc/arm-none-eabi/13.3.1/../../../../arm-none-eabi/lib/thumb/v7e-m+fp/hard\libc_nano.a(libc_a-nano-vfprintf_float.o)
                0x08008ae0                __cvt
 .text.__exponent
                0x08008baa       0x74 D:/stm32cubeide/STM32CubeIDE_2.0.0/STM32CubeIDE/plugins/com.st.stm32cube.ide.mcu.externaltools.gnu-tools-for-stm32.13.3.rel1.win32_1.0.100.202509120712/tools/bin/../lib/gcc/arm-none-eabi/13.3.1/../../../../arm-none-eabi/lib/thumb/v7e-m+fp/hard\libc_nano.a(libc_a-nano-vfprintf_float.o)
                0x08008baa                __exponent
 *fill*         0x08008c1e        0x2 
 .text._printf_float
                0x08008c20      0x454 D:/stm32cubeide/STM32CubeIDE_2.0.0/STM32CubeIDE/plugins/com.st.stm32cube.ide.mcu.externaltools.gnu-tools-for-stm32.13.3.rel1.win32_1.0.100.202509120712/tools/bin/../lib/gcc/arm-none-eabi/13.3.1/../../../../arm-none-eabi/lib/thumb/v7e-m+fp/hard\libc_nano.a(libc_a-nano-vfprintf_float.o)
                0x08008c20                _printf_float
 .text._printf_common
                0x08009074       0xda D:/stm32cubeide/STM32CubeIDE_2.0.0/STM32CubeIDE/plugins/com.st.stm32cube.ide.mcu.externaltools.gnu-tools-for-stm32.13.3.rel1.win32_1.0.100.202509120712/tools/bin/../lib/gcc/arm-none-eabi/13.3.1/../../../../arm-none-eabi/lib/thumb/v7e-m+fp/hard\libc_nano.a(libc_a-nano-vfprintf_i.o)
                0x08009074                _printf_common
 *fill*         0x0800914e        0x2 
 .text._printf_i
                0x08009150      0x23c D:/stm32cubeide/STM32CubeIDE_2.0.0/STM32CubeIDE/plugins/com.st.stm32cube.ide.mcu.externaltools.gnu-tools-for-stm32.13.3.rel1.win32_1.0.100.202509120712/tools/bin/../lib/gcc/arm-none-eabi/13.3.1/../../../../arm-none-eabi/lib/thumb/v7e-m+fp/hard\libc_nano.a(libc_a-nano-vfprintf_i.o)
                0x08009150                _printf_i
 .text._scanf_float
                0x0800938c      0x41c D:/stm32cubeide/STM32CubeIDE_2.0.0/STM32CubeIDE/plugins/com.st.stm32cube.ide.mcu.externaltools.gnu-tools-for-stm32.13.3.rel1.win32_1.0.100.202509120712/tools/bin/../lib/gcc/arm-none-eabi/13.3.1/../../../../arm-none-eabi/lib/thumb/v7e-m+fp/hard\libc_nano.a(libc_a-nano-vfscanf_float.o)
                0x0800938c                _scanf_float
 .text.std      0x080097a8       0x6c D:/stm32cubeide/STM32CubeIDE_2.0.0/STM32CubeIDE/plugins/com.st.stm32cube.ide.mcu.externaltools.gnu-tools-for-stm32.13.3.rel1.win32_1.0.100.202509120712/tools/bin/../lib/gcc/arm-none-eabi/13.3.1/../../../../arm-none-eabi/lib/thumb/v7e-m+fp/hard\libc_nano.a(libc_a-findfp.o)
 .text.stdio_exit_handler
                0x08009814       0x18 D:/stm32cubeide/STM32CubeIDE_2.0.0/STM32CubeIDE/plugins/com.st.stm32cube.ide.mcu.externaltools.gnu-tools-for-stm32.13.3.rel1.win32_1.0.100.202509120712/tools/bin/../lib/gcc/arm-none-eabi/13.3.1/../../../../arm-none-eabi/lib/thumb/v7e-m+fp/hard\libc_nano.a(libc_a-findfp.o)
 .text.cleanup_stdio
                0x0800982c       0x40 D:/stm32cubeide/STM32CubeIDE_2.0.0/STM32CubeIDE/plugins/com.st.stm32cube.ide.mcu.externaltools.gnu-tools-for-stm32.13.3.rel1.win32_1.0.100.202509120712/tools/bin/../lib/gcc/arm-none-eabi/13.3.1/../../../../arm-none-eabi/lib/thumb/v7e-m+fp/hard\libc_nano.a(libc_a-findfp.o)
 .text.global_stdio_init.part.0
                0x0800986c       0x3c D:/stm32cubeide/STM32CubeIDE_2.0.0/STM32CubeIDE/plugins/com.st.stm32cube.ide.mcu.externaltools.gnu-tools-for-stm32.13.3.rel1.win32_1.0.100.202509120712/tools/bin/../lib/gcc/arm-none-eabi/13.3.1/../../../../arm-none-eabi/lib/thumb/v7e-m+fp/hard\libc_nano.a(libc_a-findfp.o)
 .text.__sfp_lock_acquire
                0x080098a8        0xc D:/stm32cubeide/STM32CubeIDE_2.0.0/STM32CubeIDE/plugins/com.st.stm32cube.ide.mcu.externaltools.gnu-tools-for-stm32.13.3.rel1.win32_1.0.100.202509120712/tools/bin/../lib/gcc/arm-none-eabi/13.3.1/../../../../arm-none-eabi/lib/thumb/v7e-m+fp/hard\libc_nano.a(libc_a-findfp.o)
                0x080098a8                __sfp_lock_acquire
 .text.__sfp_lock_release
                0x080098b4        0xc D:/stm32cubeide/STM32CubeIDE_2.0.0/STM32CubeIDE/plugins/com.st.stm32cube.ide.mcu.externaltools.gnu-tools-for-stm32.13.3.rel1.win32_1.0.100.202509120712/tools/bin/../lib/gcc/arm-none-eabi/13.3.1/../../../../arm-none-eabi/lib/thumb/v7e-m+fp/hard\libc_nano.a(libc_a-findfp.o)
                0x080098b4                __sfp_lock_release
 .text.__sinit  0x080098c0       0x30 D:/stm32cubeide/STM32CubeIDE_2.0.0/STM32CubeIDE/plugins/com.st.stm32cube.ide.mcu.externaltools.gnu-tools-for-stm32.13.3.rel1.win32_1.0.100.202509120712/tools/bin/../lib/gcc/arm-none-eabi/13.3.1/../../../../arm-none-eabi/lib/thumb/v7e-m+fp/hard\libc_nano.a(libc_a-findfp.o)
                0x080098c0                __sinit
 .text._fwalk_sglue
                0x080098f0       0x3c D:/stm32cubeide/STM32CubeIDE_2.0.0/STM32CubeIDE/plugins/com.st.stm32cube.ide.mcu.externaltools.gnu-tools-for-stm32.13.3.rel1.win32_1.0.100.202509120712/tools/bin/../lib/gcc/arm-none-eabi/13.3.1/../../../../arm-none-eabi/lib/thumb/v7e-m+fp/hard\libc_nano.a(libc_a-fwalk.o)
                0x080098f0                _fwalk_sglue
 .text.printf   0x0800992c       0x24 D:/stm32cubeide/STM32CubeIDE_2.0.0/STM32CubeIDE/plugins/com.st.stm32cube.ide.mcu.externaltools.gnu-tools-for-stm32.13.3.rel1.win32_1.0.100.202509120712/tools/bin/../lib/gcc/arm-none-eabi/13.3.1/../../../../arm-none-eabi/lib/thumb/v7e-m+fp/hard\libc_nano.a(libc_a-printf.o)
                0x0800992c                iprintf
                0x0800992c                printf
 .text.sprintf  0x08009950       0x44 D:/stm32cubeide/STM32CubeIDE_2.0.0/STM32CubeIDE/plugins/com.st.stm32cube.ide.mcu.externaltools.gnu-tools-for-stm32.13.3.rel1.win32_1.0.100.202509120712/tools/bin/../lib/gcc/arm-none-eabi/13.3.1/../../../../arm-none-eabi/lib/thumb/v7e-m+fp/hard\libc_nano.a(libc_a-sprintf.o)
                0x08009950                siprintf
                0x08009950                sprintf
 .text.__sread  0x08009994       0x22 D:/stm32cubeide/STM32CubeIDE_2.0.0/STM32CubeIDE/plugins/com.st.stm32cube.ide.mcu.externaltools.gnu-tools-for-stm32.13.3.rel1.win32_1.0.100.202509120712/tools/bin/../lib/gcc/arm-none-eabi/13.3.1/../../../../arm-none-eabi/lib/thumb/v7e-m+fp/hard\libc_nano.a(libc_a-stdio.o)
                0x08009994                __sread
 .text.__swrite
                0x080099b6       0x38 D:/stm32cubeide/STM32CubeIDE_2.0.0/STM32CubeIDE/plugins/com.st.stm32cube.ide.mcu.externaltools.gnu-tools-for-stm32.13.3.rel1.win32_1.0.100.202509120712/tools/bin/../lib/gcc/arm-none-eabi/13.3.1/../../../../arm-none-eabi/lib/thumb/v7e-m+fp/hard\libc_nano.a(libc_a-stdio.o)
                0x080099b6                __swrite
 .text.__sseek  0x080099ee       0x24 D:/stm32cubeide/STM32CubeIDE_2.0.0/STM32CubeIDE/plugins/com.st.stm32cube.ide.mcu.externaltools.gnu-tools-for-stm32.13.3.rel1.win32_1.0.100.202509120712/tools/bin/../lib/gcc/arm-none-eabi/13.3.1/../../../../arm-none-eabi/lib/thumb/v7e-m+fp/hard\libc_nano.a(libc_a-stdio.o)
                0x080099ee                __sseek
 .text.__sclose
                0x08009a12        0x8 D:/stm32cubeide/STM32CubeIDE_2.0.0/STM32CubeIDE/plugins/com.st.stm32cube.ide.mcu.externaltools.gnu-tools-for-stm32.13.3.rel1.win32_1.0.100.202509120712/tools/bin/../lib/gcc/arm-none-eabi/13.3.1/../../../../arm-none-eabi/lib/thumb/v7e-m+fp/hard\libc_nano.a(libc_a-stdio.o)
                0x08009a12                __sclose
 .text.memset   0x08009a1a       0x10 D:/stm32cubeide/STM32CubeIDE_2.0.0/STM32CubeIDE/plugins/com.st.stm32cube.ide.mcu.externaltools.gnu-tools-for-stm32.13.3.rel1.win32_1.0.100.202509120712/tools/bin/../lib/gcc/arm-none-eabi/13.3.1/../../../../arm-none-eabi/lib/thumb/v7e-m+fp/hard\libc_nano.a(libc_a-memset.o)
                0x08009a1a                memset
 *fill*         0x08009a2a        0x2 
 .text._localeconv_r
                0x08009a2c        0x8 D:/stm32cubeide/STM32CubeIDE_2.0.0/STM32CubeIDE/plugins/com.st.stm32cube.ide.mcu.externaltools.gnu-tools-for-stm32.13.3.rel1.win32_1.0.100.202509120712/tools/bin/../lib/gcc/arm-none-eabi/13.3.1/../../../../arm-none-eabi/lib/thumb/v7e-m+fp/hard\libc_nano.a(libc_a-localeconv.o)
                0x08009a2c                _localeconv_r
 .text._close_r
                0x08009a34       0x20 D:/stm32cubeide/STM32CubeIDE_2.0.0/STM32CubeIDE/plugins/com.st.stm32cube.ide.mcu.externaltools.gnu-tools-for-stm32.13.3.rel1.win32_1.0.100.202509120712/tools/bin/../lib/gcc/arm-none-eabi/13.3.1/../../../../arm-none-eabi/lib/thumb/v7e-m+fp/hard\libc_nano.a(libc_a-closer.o)
                0x08009a34                _close_r
 .text._reclaim_reent
                0x08009a54       0xbc D:/stm32cubeide/STM32CubeIDE_2.0.0/STM32CubeIDE/plugins/com.st.stm32cube.ide.mcu.externaltools.gnu-tools-for-stm32.13.3.rel1.win32_1.0.100.202509120712/tools/bin/../lib/gcc/arm-none-eabi/13.3.1/../../../../arm-none-eabi/lib/thumb/v7e-m+fp/hard\libc_nano.a(libc_a-reent.o)
                0x08009a54                _reclaim_reent
 .text._lseek_r
                0x08009b10       0x24 D:/stm32cubeide/STM32CubeIDE_2.0.0/STM32CubeIDE/plugins/com.st.stm32cube.ide.mcu.externaltools.gnu-tools-for-stm32.13.3.rel1.win32_1.0.100.202509120712/tools/bin/../lib/gcc/arm-none-eabi/13.3.1/../../../../arm-none-eabi/lib/thumb/v7e-m+fp/hard\libc_nano.a(libc_a-lseekr.o)
                0x08009b10                _lseek_r
 .text._read_r  0x08009b34       0x24 D:/stm32cubeide/STM32CubeIDE_2.0.0/STM32CubeIDE/plugins/com.st.stm32cube.ide.mcu.externaltools.gnu-tools-for-stm32.13.3.rel1.win32_1.0.100.202509120712/tools/bin/../lib/gcc/arm-none-eabi/13.3.1/../../../../arm-none-eabi/lib/thumb/v7e-m+fp/hard\libc_nano.a(libc_a-readr.o)
                0x08009b34                _read_r
 .text._sbrk_r  0x08009b58       0x20 D:/stm32cubeide/STM32CubeIDE_2.0.0/STM32CubeIDE/plugins/com.st.stm32cube.ide.mcu.externaltools.gnu-tools-for-stm32.13.3.rel1.win32_1.0.100.202509120712/tools/bin/../lib/gcc/arm-none-eabi/13.3.1/../../../../arm-none-eabi/lib/thumb/v7e-m+fp/hard\libc_nano.a(libc_a-sbrkr.o)
                0x08009b58                _sbrk_r
 .text._write_r
                0x08009b78       0x24 D:/stm32cubeide/STM32CubeIDE_2.0.0/STM32CubeIDE/plugins/com.st.stm32cube.ide.mcu.externaltools.gnu-tools-for-stm32.13.3.rel1.win32_1.0.100.202509120712/tools/bin/../lib/gcc/arm-none-eabi/13.3.1/../../../../arm-none-eabi/lib/thumb/v7e-m+fp/hard\libc_nano.a(libc_a-writer.o)
                0x08009b78                _write_r
 .text.__errno  0x08009b9c        0xc D:/stm32cubeide/STM32CubeIDE_2.0.0/STM32CubeIDE/plugins/com.st.stm32cube.ide.mcu.externaltools.gnu-tools-for-stm32.13.3.rel1.win32_1.0.100.202509120712/tools/bin/../lib/gcc/arm-none-eabi/13.3.1/../../../../arm-none-eabi/lib/thumb/v7e-m+fp/hard\libc_nano.a(libc_a-errno.o)
                0x08009b9c                __errno
 .text.__libc_init_array
                0x08009ba8       0x48 D:/stm32cubeide/STM32CubeIDE_2.0.0/STM32CubeIDE/plugins/com.st.stm32cube.ide.mcu.externaltools.gnu-tools-for-stm32.13.3.rel1.win32_1.0.100.202509120712/tools/bin/../lib/gcc/arm-none-eabi/13.3.1/../../../../arm-none-eabi/lib/thumb/v7e-m+fp/hard\libc_nano.a(libc_a-init.o)
                0x08009ba8                __libc_init_array
 .text.__retarget_lock_init_recursive
                0x08009bf0        0x2 D:/stm32cubeide/STM32CubeIDE_2.0.0/STM32CubeIDE/plugins/com.st.stm32cube.ide.mcu.externaltools.gnu-tools-for-stm32.13.3.rel1.win32_1.0.100.202509120712/tools/bin/../lib/gcc/arm-none-eabi/13.3.1/../../../../arm-none-eabi/lib/thumb/v7e-m+fp/hard\libc_nano.a(libc_a-lock.o)
                0x08009bf0                __retarget_lock_init_recursive
 .text.__retarget_lock_acquire_recursive
                0x08009bf2        0x2 D:/stm32cubeide/STM32CubeIDE_2.0.0/STM32CubeIDE/plugins/com.st.stm32cube.ide.mcu.externaltools.gnu-tools-for-stm32.13.3.rel1.win32_1.0.100.202509120712/tools/bin/../lib/gcc/arm-none-eabi/13.3.1/../../../../arm-none-eabi/lib/thumb/v7e-m+fp/hard\libc_nano.a(libc_a-lock.o)
                0x08009bf2                __retarget_lock_acquire_recursive
 .text.__retarget_lock_release_recursive
                0x08009bf4        0x2 D:/stm32cubeide/STM32CubeIDE_2.0.0/STM32CubeIDE/plugins/com.st.stm32cube.ide.mcu.externaltools.gnu-tools-for-stm32.13.3.rel1.win32_1.0.100.202509120712/tools/bin/../lib/gcc/arm-none-eabi/13.3.1/../../../../arm-none-eabi/lib/thumb/v7e-m+fp/hard\libc_nano.a(libc_a-lock.o)
                0x08009bf4                __retarget_lock_release_recursive
 .text.memcpy   0x08009bf6       0x1c D:/stm32cubeide/STM32CubeIDE_2.0.0/STM32CubeIDE/plugins/com.st.stm32cube.ide.mcu.externaltools.gnu-tools-for-stm32.13.3.rel1.win32_1.0.100.202509120712/tools/bin/../lib/gcc/arm-none-eabi/13.3.1/../../../../arm-none-eabi/lib/thumb/v7e-m+fp/hard\libc_nano.a(libc_a-memcpy-stub.o)
                0x08009bf6                memcpy
 *fill*         0x08009c12        0x2 
 .text.nanf     0x08009c14        0xc D:/stm32cubeide/STM32CubeIDE_2.0.0/STM32CubeIDE/plugins/com.st.stm32cube.ide.mcu.externaltools.gnu-tools-for-stm32.13.3.rel1.win32_1.0.100.202509120712/tools/bin/../lib/gcc/arm-none-eabi/13.3.1/../../../../arm-none-eabi/lib/thumb/v7e-m+fp/hard\libc_nano.a(libm_a-sf_nan.o)
                0x08009c14                nanf
 .text.quorem   0x08009c20      0x110 D:/stm32cubeide/STM32CubeIDE_2.0.0/STM32CubeIDE/plugins/com.st.stm32cube.ide.mcu.externaltools.gnu-tools-for-stm32.13.3.rel1.win32_1.0.100.202509120712/tools/bin/../lib/gcc/arm-none-eabi/13.3.1/../../../../arm-none-eabi/lib/thumb/v7e-m+fp/hard\libc_nano.a(libc_a-dtoa.o)
 .text._dtoa_r  0x08009d30      0xba0 D:/stm32cubeide/STM32CubeIDE_2.0.0/STM32CubeIDE/plugins/com.st.stm32cube.ide.mcu.externaltools.gnu-tools-for-stm32.13.3.rel1.win32_1.0.100.202509120712/tools/bin/../lib/gcc/arm-none-eabi/13.3.1/../../../../arm-none-eabi/lib/thumb/v7e-m+fp/hard\libc_nano.a(libc_a-dtoa.o)
                0x08009d30                _dtoa_r
 .text._free_r  0x0800a8d0       0x94 D:/stm32cubeide/STM32CubeIDE_2.0.0/STM32CubeIDE/plugins/com.st.stm32cube.ide.mcu.externaltools.gnu-tools-for-stm32.13.3.rel1.win32_1.0.100.202509120712/tools/bin/../lib/gcc/arm-none-eabi/13.3.1/../../../../arm-none-eabi/lib/thumb/v7e-m+fp/hard\libc_nano.a(libc_a-freer.o)
                0x0800a8d0                _free_r
 .text._Balloc  0x0800a964       0x80 D:/stm32cubeide/STM32CubeIDE_2.0.0/STM32CubeIDE/plugins/com.st.stm32cube.ide.mcu.externaltools.gnu-tools-for-stm32.13.3.rel1.win32_1.0.100.202509120712/tools/bin/../lib/gcc/arm-none-eabi/13.3.1/../../../../arm-none-eabi/lib/thumb/v7e-m+fp/hard\libc_nano.a(libc_a-mprec.o)
                0x0800a964                _Balloc
 .text._Bfree   0x0800a9e4       0x44 D:/stm32cubeide/STM32CubeIDE_2.0.0/STM32CubeIDE/plugins/com.st.stm32cube.ide.mcu.externaltools.gnu-tools-for-stm32.13.3.rel1.win32_1.0.100.202509120712/tools/bin/../lib/gcc/arm-none-eabi/13.3.1/../../../../arm-none-eabi/lib/thumb/v7e-m+fp/hard\libc_nano.a(libc_a-mprec.o)
                0x0800a9e4                _Bfree
 .text.__multadd
                0x0800aa28       0x8c D:/stm32cubeide/STM32CubeIDE_2.0.0/STM32CubeIDE/plugins/com.st.stm32cube.ide.mcu.externaltools.gnu-tools-for-stm32.13.3.rel1.win32_1.0.100.202509120712/tools/bin/../lib/gcc/arm-none-eabi/13.3.1/../../../../arm-none-eabi/lib/thumb/v7e-m+fp/hard\libc_nano.a(libc_a-mprec.o)
                0x0800aa28                __multadd
 .text.__s2b    0x0800aab4       0x94 D:/stm32cubeide/STM32CubeIDE_2.0.0/STM32CubeIDE/plugins/com.st.stm32cube.ide.mcu.externaltools.gnu-tools-for-stm32.13.3.rel1.win32_1.0.100.202509120712/tools/bin/../lib/gcc/arm-none-eabi/13.3.1/../../../../arm-none-eabi/lib/thumb/v7e-m+fp/hard\libc_nano.a(libc_a-mprec.o)
                0x0800aab4                __s2b
 .text.__hi0bits
                0x0800ab48       0x3e D:/stm32cubeide/STM32CubeIDE_2.0.0/STM32CubeIDE/plugins/com.st.stm32cube.ide.mcu.externaltools.gnu-tools-for-stm32.13.3.rel1.win32_1.0.100.202509120712/tools/bin/../lib/gcc/arm-none-eabi/13.3.1/../../../../arm-none-eabi/lib/thumb/v7e-m+fp/hard\libc_nano.a(libc_a-mprec.o)
                0x0800ab48                __hi0bits
 .text.__lo0bits
                0x0800ab86       0x5a D:/stm32cubeide/STM32CubeIDE_2.0.0/STM32CubeIDE/plugins/com.st.stm32cube.ide.mcu.externaltools.gnu-tools-for-stm32.13.3.rel1.win32_1.0.100.202509120712/tools/bin/../lib/gcc/arm-none-eabi/13.3.1/../../../../arm-none-eabi/lib/thumb/v7e-m+fp/hard\libc_nano.a(libc_a-mprec.o)
                0x0800ab86                __lo0bits
 .text.__i2b    0x0800abe0       0x2c D:/stm32cubeide/STM32CubeIDE_2.0.0/STM32CubeIDE/plugins/com.st.stm32cube.ide.mcu.externaltools.gnu-tools-for-stm32.13.3.rel1.win32_1.0.100.202509120712/tools/bin/../lib/gcc/arm-none-eabi/13.3.1/../../../../arm-none-eabi/lib/thumb/v7e-m+fp/hard\libc_nano.a(libc_a-mprec.o)
                0x0800abe0                __i2b
 .text.__multiply
                0x0800ac0c      0x144 D:/stm32cubeide/STM32CubeIDE_2.0.0/STM32CubeIDE/plugins/com.st.stm32cube.ide.mcu.externaltools.gnu-tools-for-stm32.13.3.rel1.win32_1.0.100.202509120712/tools/bin/../lib/gcc/arm-none-eabi/13.3.1/../../../../arm-none-eabi/lib/thumb/v7e-m+fp/hard\libc_nano.a(libc_a-mprec.o)
                0x0800ac0c                __multiply
 .text.__pow5mult
                0x0800ad50       0xb4 D:/stm32cubeide/STM32CubeIDE_2.0.0/STM32CubeIDE/plugins/com.st.stm32cube.ide.mcu.externaltools.gnu-tools-for-stm32.13.3.rel1.win32_1.0.100.202509120712/tools/bin/../lib/gcc/arm-none-eabi/13.3.1/../../../../arm-none-eabi/lib/thumb/v7e-m+fp/hard\libc_nano.a(libc_a-mprec.o)
                0x0800ad50                __pow5mult
 .text.__lshift
                0x0800ae04       0xd8 D:/stm32cubeide/STM32CubeIDE_2.0.0/STM32CubeIDE/plugins/com.st.stm32cube.ide.mcu.externaltools.gnu-tools-for-stm32.13.3.rel1.win32_1.0.100.202509120712/tools/bin/../lib/gcc/arm-none-eabi/13.3.1/../../../../arm-none-eabi/lib/thumb/v7e-m+fp/hard\libc_nano.a(libc_a-mprec.o)
                0x0800ae04                __lshift
 .text.__mcmp   0x0800aedc       0x36 D:/stm32cubeide/STM32CubeIDE_2.0.0/STM32CubeIDE/plugins/com.st.stm32cube.ide.mcu.externaltools.gnu-tools-for-stm32.13.3.rel1.win32_1.0.100.202509120712/tools/bin/../lib/gcc/arm-none-eabi/13.3.1/../../../../arm-none-eabi/lib/thumb/v7e-m+fp/hard\libc_nano.a(libc_a-mprec.o)
                0x0800aedc                __mcmp
 *fill*         0x0800af12        0x2 
 .text.__mdiff  0x0800af14      0x128 D:/stm32cubeide/STM32CubeIDE_2.0.0/STM32CubeIDE/plugins/com.st.stm32cube.ide.mcu.externaltools.gnu-tools-for-stm32.13.3.rel1.win32_1.0.100.202509120712/tools/bin/../lib/gcc/arm-none-eabi/13.3.1/../../../../arm-none-eabi/lib/thumb/v7e-m+fp/hard\libc_nano.a(libc_a-mprec.o)
                0x0800af14                __mdiff
 .text.__ulp    0x0800b03c       0x4c D:/stm32cubeide/STM32CubeIDE_2.0.0/STM32CubeIDE/plugins/com.st.stm32cube.ide.mcu.externaltools.gnu-tools-for-stm32.13.3.rel1.win32_1.0.100.202509120712/tools/bin/../lib/gcc/arm-none-eabi/13.3.1/../../../../arm-none-eabi/lib/thumb/v7e-m+fp/hard\libc_nano.a(libc_a-mprec.o)
                0x0800b03c                __ulp
 .text.__b2d    0x0800b088       0x94 D:/stm32cubeide/STM32CubeIDE_2.0.0/STM32CubeIDE/plugins/com.st.stm32cube.ide.mcu.externaltools.gnu-tools-for-stm32.13.3.rel1.win32_1.0.100.202509120712/tools/bin/../lib/gcc/arm-none-eabi/13.3.1/../../../../arm-none-eabi/lib/thumb/v7e-m+fp/hard\libc_nano.a(libc_a-mprec.o)
                0x0800b088                __b2d
 .text.__d2b    0x0800b11c       0xb0 D:/stm32cubeide/STM32CubeIDE_2.0.0/STM32CubeIDE/plugins/com.st.stm32cube.ide.mcu.externaltools.gnu-tools-for-stm32.13.3.rel1.win32_1.0.100.202509120712/tools/bin/../lib/gcc/arm-none-eabi/13.3.1/../../../../arm-none-eabi/lib/thumb/v7e-m+fp/hard\libc_nano.a(libc_a-mprec.o)
                0x0800b11c                __d2b
 .text.__ratio  0x0800b1cc       0x64 D:/stm32cubeide/STM32CubeIDE_2.0.0/STM32CubeIDE/plugins/com.st.stm32cube.ide.mcu.externaltools.gnu-tools-for-stm32.13.3.rel1.win32_1.0.100.202509120712/tools/bin/../lib/gcc/arm-none-eabi/13.3.1/../../../../arm-none-eabi/lib/thumb/v7e-m+fp/hard\libc_nano.a(libc_a-mprec.o)
                0x0800b1cc                __ratio
 .text.__copybits
                0x0800b230       0x46 D:/stm32cubeide/STM32CubeIDE_2.0.0/STM32CubeIDE/plugins/com.st.stm32cube.ide.mcu.externaltools.gnu-tools-for-stm32.13.3.rel1.win32_1.0.100.202509120712/tools/bin/../lib/gcc/arm-none-eabi/13.3.1/../../../../arm-none-eabi/lib/thumb/v7e-m+fp/hard\libc_nano.a(libc_a-mprec.o)
                0x0800b230                __copybits
 .text.__any_on
                0x0800b276       0x42 D:/stm32cubeide/STM32CubeIDE_2.0.0/STM32CubeIDE/plugins/com.st.stm32cube.ide.mcu.externaltools.gnu-tools-for-stm32.13.3.rel1.win32_1.0.100.202509120712/tools/bin/../lib/gcc/arm-none-eabi/13.3.1/../../../../arm-none-eabi/lib/thumb/v7e-m+fp/hard\libc_nano.a(libc_a-mprec.o)
                0x0800b276                __any_on
 .text.sulp     0x0800b2b8       0x3c D:/stm32cubeide/STM32CubeIDE_2.0.0/STM32CubeIDE/plugins/com.st.stm32cube.ide.mcu.externaltools.gnu-tools-for-stm32.13.3.rel1.win32_1.0.100.202509120712/tools/bin/../lib/gcc/arm-none-eabi/13.3.1/../../../../arm-none-eabi/lib/thumb/v7e-m+fp/hard\libc_nano.a(libc_a-strtod.o)
 *fill*         0x0800b2f4        0x4 
 .text._strtod_l
                0x0800b2f8      0xbc8 D:/stm32cubeide/STM32CubeIDE_2.0.0/STM32CubeIDE/plugins/com.st.stm32cube.ide.mcu.externaltools.gnu-tools-for-stm32.13.3.rel1.win32_1.0.100.202509120712/tools/bin/../lib/gcc/arm-none-eabi/13.3.1/../../../../arm-none-eabi/lib/thumb/v7e-m+fp/hard\libc_nano.a(libc_a-strtod.o)
                0x0800b2f8                _strtod_l
 .text._strtod_r
                0x0800bec0        0xc D:/stm32cubeide/STM32CubeIDE_2.0.0/STM32CubeIDE/plugins/com.st.stm32cube.ide.mcu.externaltools.gnu-tools-for-stm32.13.3.rel1.win32_1.0.100.202509120712/tools/bin/../lib/gcc/arm-none-eabi/13.3.1/../../../../arm-none-eabi/lib/thumb/v7e-m+fp/hard\libc_nano.a(libc_a-strtod.o)
                0x0800bec0                _strtod_r
 .text._strtol_l.isra.0
                0x0800becc       0xf4 D:/stm32cubeide/STM32CubeIDE_2.0.0/STM32CubeIDE/plugins/com.st.stm32cube.ide.mcu.externaltools.gnu-tools-for-stm32.13.3.rel1.win32_1.0.100.202509120712/tools/bin/../lib/gcc/arm-none-eabi/13.3.1/../../../../arm-none-eabi/lib/thumb/v7e-m+fp/hard\libc_nano.a(libc_a-strtol.o)
 .text._strtol_r
                0x0800bfc0        0x4 D:/stm32cubeide/STM32CubeIDE_2.0.0/STM32CubeIDE/plugins/com.st.stm32cube.ide.mcu.externaltools.gnu-tools-for-stm32.13.3.rel1.win32_1.0.100.202509120712/tools/bin/../lib/gcc/arm-none-eabi/13.3.1/../../../../arm-none-eabi/lib/thumb/v7e-m+fp/hard\libc_nano.a(libc_a-strtol.o)
                0x0800bfc0                _strtol_r
 .text.__ssputs_r
                0x0800bfc4       0xb6 D:/stm32cubeide/STM32CubeIDE_2.0.0/STM32CubeIDE/plugins/com.st.stm32cube.ide.mcu.externaltools.gnu-tools-for-stm32.13.3.rel1.win32_1.0.100.202509120712/tools/bin/../lib/gcc/arm-none-eabi/13.3.1/../../../../arm-none-eabi/lib/thumb/v7e-m+fp/hard\libc_nano.a(libc_a-nano-svfprintf.o)
                0x0800bfc4                __ssputs_r
 *fill*         0x0800c07a        0x2 
 .text._svfprintf_r
                0x0800c07c      0x1f8 D:/stm32cubeide/STM32CubeIDE_2.0.0/STM32CubeIDE/plugins/com.st.stm32cube.ide.mcu.externaltools.gnu-tools-for-stm32.13.3.rel1.win32_1.0.100.202509120712/tools/bin/../lib/gcc/arm-none-eabi/13.3.1/../../../../arm-none-eabi/lib/thumb/v7e-m+fp/hard\libc_nano.a(libc_a-nano-svfprintf.o)
                0x0800c07c                _svfiprintf_r
                0x0800c07c                _svfprintf_r
 .text.__sfputc_r
                0x0800c274       0x2e D:/stm32cubeide/STM32CubeIDE_2.0.0/STM32CubeIDE/plugins/com.st.stm32cube.ide.mcu.externaltools.gnu-tools-for-stm32.13.3.rel1.win32_1.0.100.202509120712/tools/bin/../lib/gcc/arm-none-eabi/13.3.1/../../../../arm-none-eabi/lib/thumb/v7e-m+fp/hard\libc_nano.a(libc_a-nano-vfprintf.o)
 .text.__sfputs_r
                0x0800c2a2       0x24 D:/stm32cubeide/STM32CubeIDE_2.0.0/STM32CubeIDE/plugins/com.st.stm32cube.ide.mcu.externaltools.gnu-tools-for-stm32.13.3.rel1.win32_1.0.100.202509120712/tools/bin/../lib/gcc/arm-none-eabi/13.3.1/../../../../arm-none-eabi/lib/thumb/v7e-m+fp/hard\libc_nano.a(libc_a-nano-vfprintf.o)
                0x0800c2a2                __sfputs_r
 *fill*         0x0800c2c6        0x2 
 .text._vfprintf_r
                0x0800c2c8      0x230 D:/stm32cubeide/STM32CubeIDE_2.0.0/STM32CubeIDE/plugins/com.st.stm32cube.ide.mcu.externaltools.gnu-tools-for-stm32.13.3.rel1.win32_1.0.100.202509120712/tools/bin/../lib/gcc/arm-none-eabi/13.3.1/../../../../arm-none-eabi/lib/thumb/v7e-m+fp/hard\libc_nano.a(libc_a-nano-vfprintf.o)
                0x0800c2c8                _vfprintf_r
                0x0800c2c8                _vfiprintf_r
 .text.__sflush_r
                0x0800c4f8      0x108 D:/stm32cubeide/STM32CubeIDE_2.0.0/STM32CubeIDE/plugins/com.st.stm32cube.ide.mcu.externaltools.gnu-tools-for-stm32.13.3.rel1.win32_1.0.100.202509120712/tools/bin/../lib/gcc/arm-none-eabi/13.3.1/../../../../arm-none-eabi/lib/thumb/v7e-m+fp/hard\libc_nano.a(libc_a-fflush.o)
                0x0800c4f8                __sflush_r
 .text._fflush_r
                0x0800c600       0x50 D:/stm32cubeide/STM32CubeIDE_2.0.0/STM32CubeIDE/plugins/com.st.stm32cube.ide.mcu.externaltools.gnu-tools-for-stm32.13.3.rel1.win32_1.0.100.202509120712/tools/bin/../lib/gcc/arm-none-eabi/13.3.1/../../../../arm-none-eabi/lib/thumb/v7e-m+fp/hard\libc_nano.a(libc_a-fflush.o)
                0x0800c600                _fflush_r
 .text.__swbuf_r
                0x0800c650       0x7c D:/stm32cubeide/STM32CubeIDE_2.0.0/STM32CubeIDE/plugins/com.st.stm32cube.ide.mcu.externaltools.gnu-tools-for-stm32.13.3.rel1.win32_1.0.100.202509120712/tools/bin/../lib/gcc/arm-none-eabi/13.3.1/../../../../arm-none-eabi/lib/thumb/v7e-m+fp/hard\libc_nano.a(libc_a-wbuf.o)
                0x0800c650                __swbuf_r
 .text.__swsetup_r
                0x0800c6cc       0xac D:/stm32cubeide/STM32CubeIDE_2.0.0/STM32CubeIDE/plugins/com.st.stm32cube.ide.mcu.externaltools.gnu-tools-for-stm32.13.3.rel1.win32_1.0.100.202509120712/tools/bin/../lib/gcc/arm-none-eabi/13.3.1/../../../../arm-none-eabi/lib/thumb/v7e-m+fp/hard\libc_nano.a(libc_a-wsetup.o)
                0x0800c6cc                __swsetup_r
 .text.memmove  0x0800c778       0x34 D:/stm32cubeide/STM32CubeIDE_2.0.0/STM32CubeIDE/plugins/com.st.stm32cube.ide.mcu.externaltools.gnu-tools-for-stm32.13.3.rel1.win32_1.0.100.202509120712/tools/bin/../lib/gcc/arm-none-eabi/13.3.1/../../../../arm-none-eabi/lib/thumb/v7e-m+fp/hard\libc_nano.a(libc_a-memmove.o)
                0x0800c778                memmove
 .text.strncmp  0x0800c7ac       0x24 D:/stm32cubeide/STM32CubeIDE_2.0.0/STM32CubeIDE/plugins/com.st.stm32cube.ide.mcu.externaltools.gnu-tools-for-stm32.13.3.rel1.win32_1.0.100.202509120712/tools/bin/../lib/gcc/arm-none-eabi/13.3.1/../../../../arm-none-eabi/lib/thumb/v7e-m+fp/hard\libc_nano.a(libc_a-strncmp.o)
                0x0800c7ac                strncmp
 .text.nan      0x0800c7d0       0x10 D:/stm32cubeide/STM32CubeIDE_2.0.0/STM32CubeIDE/plugins/com.st.stm32cube.ide.mcu.externaltools.gnu-tools-for-stm32.13.3.rel1.win32_1.0.100.202509120712/tools/bin/../lib/gcc/arm-none-eabi/13.3.1/../../../../arm-none-eabi/lib/thumb/v7e-m+fp/hard\libc_nano.a(libm_a-s_nan.o)
                0x0800c7d0                nan
 .text.__assert_func
                0x0800c7e0       0x3c D:/stm32cubeide/STM32CubeIDE_2.0.0/STM32CubeIDE/plugins/com.st.stm32cube.ide.mcu.externaltools.gnu-tools-for-stm32.13.3.rel1.win32_1.0.100.202509120712/tools/bin/../lib/gcc/arm-none-eabi/13.3.1/../../../../arm-none-eabi/lib/thumb/v7e-m+fp/hard\libc_nano.a(libc_a-assert.o)
                0x0800c7e0                __assert_func
 .text._calloc_r
                0x0800c81c       0x28 D:/stm32cubeide/STM32CubeIDE_2.0.0/STM32CubeIDE/plugins/com.st.stm32cube.ide.mcu.externaltools.gnu-tools-for-stm32.13.3.rel1.win32_1.0.100.202509120712/tools/bin/../lib/gcc/arm-none-eabi/13.3.1/../../../../arm-none-eabi/lib/thumb/v7e-m+fp/hard\libc_nano.a(libc_a-callocr.o)
                0x0800c81c                _calloc_r
 .text.rshift   0x0800c844       0xa4 D:/stm32cubeide/STM32CubeIDE_2.0.0/STM32CubeIDE/plugins/com.st.stm32cube.ide.mcu.externaltools.gnu-tools-for-stm32.13.3.rel1.win32_1.0.100.202509120712/tools/bin/../lib/gcc/arm-none-eabi/13.3.1/../../../../arm-none-eabi/lib/thumb/v7e-m+fp/hard\libc_nano.a(libc_a-gdtoa-gethex.o)
 .text.__hexdig_fun
                0x0800c8e8       0x2a D:/stm32cubeide/STM32CubeIDE_2.0.0/STM32CubeIDE/plugins/com.st.stm32cube.ide.mcu.externaltools.gnu-tools-for-stm32.13.3.rel1.win32_1.0.100.202509120712/tools/bin/../lib/gcc/arm-none-eabi/13.3.1/../../../../arm-none-eabi/lib/thumb/v7e-m+fp/hard\libc_nano.a(libc_a-gdtoa-gethex.o)
                0x0800c8e8                __hexdig_fun
 *fill*         0x0800c912        0x2 
 .text.__gethex
                0x0800c914      0x420 D:/stm32cubeide/STM32CubeIDE_2.0.0/STM32CubeIDE/plugins/com.st.stm32cube.ide.mcu.externaltools.gnu-tools-for-stm32.13.3.rel1.win32_1.0.100.202509120712/tools/bin/../lib/gcc/arm-none-eabi/13.3.1/../../../../arm-none-eabi/lib/thumb/v7e-m+fp/hard\libc_nano.a(libc_a-gdtoa-gethex.o)
                0x0800c914                __gethex
 .text.L_shift  0x0800cd34       0x24 D:/stm32cubeide/STM32CubeIDE_2.0.0/STM32CubeIDE/plugins/com.st.stm32cube.ide.mcu.externaltools.gnu-tools-for-stm32.13.3.rel1.win32_1.0.100.202509120712/tools/bin/../lib/gcc/arm-none-eabi/13.3.1/../../../../arm-none-eabi/lib/thumb/v7e-m+fp/hard\libc_nano.a(libc_a-gdtoa-hexnan.o)
 .text.__match  0x0800cd58       0x28 D:/stm32cubeide/STM32CubeIDE_2.0.0/STM32CubeIDE/plugins/com.st.stm32cube.ide.mcu.externaltools.gnu-tools-for-stm32.13.3.rel1.win32_1.0.100.202509120712/tools/bin/../lib/gcc/arm-none-eabi/13.3.1/../../../../arm-none-eabi/lib/thumb/v7e-m+fp/hard\libc_nano.a(libc_a-gdtoa-hexnan.o)
                0x0800cd58                __match
 .text.__hexnan
                0x0800cd80      0x136 D:/stm32cubeide/STM32CubeIDE_2.0.0/STM32CubeIDE/plugins/com.st.stm32cube.ide.mcu.externaltools.gnu-tools-for-stm32.13.3.rel1.win32_1.0.100.202509120712/tools/bin/../lib/gcc/arm-none-eabi/13.3.1/../../../../arm-none-eabi/lib/thumb/v7e-m+fp/hard\libc_nano.a(libc_a-gdtoa-hexnan.o)
                0x0800cd80                __hexnan
 .text.__ascii_mbtowc
                0x0800ceb6       0x24 D:/stm32cubeide/STM32CubeIDE_2.0.0/STM32CubeIDE/plugins/com.st.stm32cube.ide.mcu.externaltools.gnu-tools-for-stm32.13.3.rel1.win32_1.0.100.202509120712/tools/bin/../lib/gcc/arm-none-eabi/13.3.1/../../../../arm-none-eabi/lib/thumb/v7e-m+fp/hard\libc_nano.a(libc_a-mbtowc_r.o)
                0x0800ceb6                __ascii_mbtowc
 .text._realloc_r
                0x0800ceda       0x5c D:/stm32cubeide/STM32CubeIDE_2.0.0/STM32CubeIDE/plugins/com.st.stm32cube.ide.mcu.externaltools.gnu-tools-for-stm32.13.3.rel1.win32_1.0.100.202509120712/tools/bin/../lib/gcc/arm-none-eabi/13.3.1/../../../../arm-none-eabi/lib/thumb/v7e-m+fp/hard\libc_nano.a(libc_a-reallocr.o)
                0x0800ceda                _realloc_r
 .text.__ascii_wctomb
                0x0800cf36       0x1a D:/stm32cubeide/STM32CubeIDE_2.0.0/STM32CubeIDE/plugins/com.st.stm32cube.ide.mcu.externaltools.gnu-tools-for-stm32.13.3.rel1.win32_1.0.100.202509120712/tools/bin/../lib/gcc/arm-none-eabi/13.3.1/../../../../arm-none-eabi/lib/thumb/v7e-m+fp/hard\libc_nano.a(libc_a-wctomb_r.o)
                0x0800cf36                __ascii_wctomb
 .text.fprintf  0x0800cf50       0x24 D:/stm32cubeide/STM32CubeIDE_2.0.0/STM32CubeIDE/plugins/com.st.stm32cube.ide.mcu.externaltools.gnu-tools-for-stm32.13.3.rel1.win32_1.0.100.202509120712/tools/bin/../lib/gcc/arm-none-eabi/13.3.1/../../../../arm-none-eabi/lib/thumb/v7e-m+fp/hard\libc_nano.a(libc_a-fprintf.o)
                0x0800cf50                fiprintf
                0x0800cf50                fprintf
 .text.__swhatbuf_r
                0x0800cf74       0x4c D:/stm32cubeide/STM32CubeIDE_2.0.0/STM32CubeIDE/plugins/com.st.stm32cube.ide.mcu.externaltools.gnu-tools-for-stm32.13.3.rel1.win32_1.0.100.202509120712/tools/bin/../lib/gcc/arm-none-eabi/13.3.1/../../../../arm-none-eabi/lib/thumb/v7e-m+fp/hard\libc_nano.a(libc_a-makebuf.o)
                0x0800cf74                __swhatbuf_r
 .text.__smakebuf_r
                0x0800cfc0       0x78 D:/stm32cubeide/STM32CubeIDE_2.0.0/STM32CubeIDE/plugins/com.st.stm32cube.ide.mcu.externaltools.gnu-tools-for-stm32.13.3.rel1.win32_1.0.100.202509120712/tools/bin/../lib/gcc/arm-none-eabi/13.3.1/../../../../arm-none-eabi/lib/thumb/v7e-m+fp/hard\libc_nano.a(libc_a-makebuf.o)
                0x0800cfc0                __smakebuf_r
 .text._fstat_r
                0x0800d038       0x24 D:/stm32cubeide/STM32CubeIDE_2.0.0/STM32CubeIDE/plugins/com.st.stm32cube.ide.mcu.externaltools.gnu-tools-for-stm32.13.3.rel1.win32_1.0.100.202509120712/tools/bin/../lib/gcc/arm-none-eabi/13.3.1/../../../../arm-none-eabi/lib/thumb/v7e-m+fp/hard\libc_nano.a(libc_a-fstatr.o)
                0x0800d038                _fstat_r
 .text._isatty_r
                0x0800d05c       0x20 D:/stm32cubeide/STM32CubeIDE_2.0.0/STM32CubeIDE/plugins/com.st.stm32cube.ide.mcu.externaltools.gnu-tools-for-stm32.13.3.rel1.win32_1.0.100.202509120712/tools/bin/../lib/gcc/arm-none-eabi/13.3.1/../../../../arm-none-eabi/lib/thumb/v7e-m+fp/hard\libc_nano.a(libc_a-isattyr.o)
                0x0800d05c                _isatty_r
 .text.abort    0x0800d07c        0xe D:/stm32cubeide/STM32CubeIDE_2.0.0/STM32CubeIDE/plugins/com.st.stm32cube.ide.mcu.externaltools.gnu-tools-for-stm32.13.3.rel1.win32_1.0.100.202509120712/tools/bin/../lib/gcc/arm-none-eabi/13.3.1/../../../../arm-none-eabi/lib/thumb/v7e-m+fp/hard\libc_nano.a(libc_a-abort.o)
                0x0800d07c                abort
 .text._malloc_usable_size_r
                0x0800d08a       0x10 D:/stm32cubeide/STM32CubeIDE_2.0.0/STM32CubeIDE/plugins/com.st.stm32cube.ide.mcu.externaltools.gnu-tools-for-stm32.13.3.rel1.win32_1.0.100.202509120712/tools/bin/../lib/gcc/arm-none-eabi/13.3.1/../../../../arm-none-eabi/lib/thumb/v7e-m+fp/hard\libc_nano.a(libc_a-msizer.o)
                0x0800d08a                _malloc_usable_size_r
 .text._raise_r
                0x0800d09a       0x50 D:/stm32cubeide/STM32CubeIDE_2.0.0/STM32CubeIDE/plugins/com.st.stm32cube.ide.mcu.externaltools.gnu-tools-for-stm32.13.3.rel1.win32_1.0.100.202509120712/tools/bin/../lib/gcc/arm-none-eabi/13.3.1/../../../../arm-none-eabi/lib/thumb/v7e-m+fp/hard\libc_nano.a(libc_a-signal.o)
                0x0800d09a                _raise_r
 *fill*         0x0800d0ea        0x2 
 .text.raise    0x0800d0ec       0x10 D:/stm32cubeide/STM32CubeIDE_2.0.0/STM32CubeIDE/plugins/com.st.stm32cube.ide.mcu.externaltools.gnu-tools-for-stm32.13.3.rel1.win32_1.0.100.202509120712/tools/bin/../lib/gcc/arm-none-eabi/13.3.1/../../../../arm-none-eabi/lib/thumb/v7e-m+fp/hard\libc_nano.a(libc_a-signal.o)
                0x0800d0ec                raise
 .text._kill_r  0x0800d0fc       0x24 D:/stm32cubeide/STM32CubeIDE_2.0.0/STM32CubeIDE/plugins/com.st.stm32cube.ide.mcu.externaltools.gnu-tools-for-stm32.13.3.rel1.win32_1.0.100.202509120712/tools/bin/../lib/gcc/arm-none-eabi/13.3.1/../../../../arm-none-eabi/lib/thumb/v7e-m+fp/hard\libc_nano.a(libc_a-signalr.o)
                0x0800d0fc                _kill_r
 .text._getpid_r
                0x0800d120        0x4 D:/stm32cubeide/STM32CubeIDE_2.0.0/STM32CubeIDE/plugins/com.st.stm32cube.ide.mcu.externaltools.gnu-tools-for-stm32.13.3.rel1.win32_1.0.100.202509120712/tools/bin/../lib/gcc/arm-none-eabi/13.3.1/../../../../arm-none-eabi/lib/thumb/v7e-m+fp/hard\libc_nano.a(libc_a-signalr.o)
                0x0800d120                _getpid_r
 *(.glue_7)
 .glue_7        0x0800d124        0x0 linker stubs
 *(.glue_7t)
 .glue_7t       0x0800d124        0x0 linker stubs
 *(.eh_frame)
 .eh_frame      0x0800d124        0x0 D:/stm32cubeide/STM32CubeIDE_2.0.0/STM32CubeIDE/plugins/com.st.stm32cube.ide.mcu.externaltools.gnu-tools-for-stm32.13.3.rel1.win32_1.0.100.202509120712/tools/bin/../lib/gcc/arm-none-eabi/13.3.1/thumb/v7e-m+fp/hard/crtbegin.o
 *(.init)
 .init          0x0800d124        0x4 D:/stm32cubeide/STM32CubeIDE_2.0.0/STM32CubeIDE/plugins/com.st.stm32cube.ide.mcu.externaltools.gnu-tools-for-stm32.13.3.rel1.win32_1.0.100.202509120712/tools/bin/../lib/gcc/arm-none-eabi/13.3.1/thumb/v7e-m+fp/hard/crti.o
                0x0800d124                _init
 .init          0x0800d128        0x8 D:/stm32cubeide/STM32CubeIDE_2.0.0/STM32CubeIDE/plugins/com.st.stm32cube.ide.mcu.externaltools.gnu-tools-for-stm32.13.3.rel1.win32_1.0.100.202509120712/tools/bin/../lib/gcc/arm-none-eabi/13.3.1/thumb/v7e-m+fp/hard/crtn.o
 *(.fini)
 .fini          0x0800d130        0x4 D:/stm32cubeide/STM32CubeIDE_2.0.0/STM32CubeIDE/plugins/com.st.stm32cube.ide.mcu.externaltools.gnu-tools-for-stm32.13.3.rel1.win32_1.0.100.202509120712/tools/bin/../lib/gcc/arm-none-eabi/13.3.1/thumb/v7e-m+fp/hard/crti.o
                0x0800d130                _fini
 .fini          0x0800d134        0x8 D:/stm32cubeide/STM32CubeIDE_2.0.0/STM32CubeIDE/plugins/com.st.stm32cube.ide.mcu.externaltools.gnu-tools-for-stm32.13.3.rel1.win32_1.0.100.202509120712/tools/bin/../lib/gcc/arm-none-eabi/13.3.1/thumb/v7e-m+fp/hard/crtn.o
                0x0800d13c                        . = ALIGN (0x4)
                0x0800d13c                        _etext = .

.vfp11_veneer   0x0800d13c        0x0
 .vfp11_veneer  0x0800d13c        0x0 linker stubs

.v4_bx          0x0800d13c        0x0
 .v4_bx         0x0800d13c        0x0 linker stubs

.iplt           0x0800d13c        0x0
 .iplt          0x0800d13c        0x0 D:/stm32cubeide/STM32CubeIDE_2.0.0/STM32CubeIDE/plugins/com.st.stm32cube.ide.mcu.externaltools.gnu-tools-for-stm32.13.3.rel1.win32_1.0.100.202509120712/tools/bin/../lib/gcc/arm-none-eabi/13.3.1/thumb/v7e-m+fp/hard/crtbegin.o

.rodata         0x0800d140      0x5d4
                0x0800d140                        . = ALIGN (0x4)
 *(.rodata)
 .rodata        0x0800d140       0xac ./Core/Src/main.o
 .rodata        0x0800d1ec        0x5 ./Middlewares/FreeRTOS/tasks.o
 *fill*         0x0800d1f1        0x3 
 .rodata        0x0800d1f4        0xd ./Middlewares/FreeRTOS/timers.o
 *(.rodata*)
 *fill*         0x0800d201        0x3 
 .rodata._ZL22defaultTask_attributes
                0x0800d204       0x24 ./Core/Src/main.o
 .rodata._ZL22bmp280_task_attributes
                0x0800d228       0x24 ./Core/Src/main.o
 .rodata._ZL21i2c1_mutex_attributes
                0x0800d24c       0x10 ./Core/Src/main.o
 .rodata.AHBPrescTable
                0x0800d25c       0x10 ./Core/Src/system_stm32l4xx.o
                0x0800d25c                AHBPrescTable
 .rodata.APBPrescTable
                0x0800d26c        0x8 ./Core/Src/system_stm32l4xx.o
                0x0800d26c                APBPrescTable
 .rodata.MSIRangeTable
                0x0800d274       0x30 ./Core/Src/system_stm32l4xx.o
                0x0800d274                MSIRangeTable
 .rodata._ZTVN6BME2809bme280i2cE
                0x0800d2a4       0x24 ./bme280/BME280.o
                0x0800d2a4                vtable for BME280::bme280i2c
 .rodata._ZTVN6BME2806bme280E
                0x0800d2c8       0x24 ./bme280/BME280.o
                0x0800d2c8                vtable for BME280::bme280
 .rodata._printf_float.str1.1
                0x0800d2ec      0x1d6 D:/stm32cubeide/STM32CubeIDE_2.0.0/STM32CubeIDE/plugins/com.st.stm32cube.ide.mcu.externaltools.gnu-tools-for-stm32.13.3.rel1.win32_1.0.100.202509120712/tools/bin/../lib/gcc/arm-none-eabi/13.3.1/../../../../arm-none-eabi/lib/thumb/v7e-m+fp/hard\libc_nano.a(libc_a-nano-vfprintf_float.o)
                                 0x12 (size before relaxing)
 .rodata._printf_i.str1.1
                0x0800d4c2        0x0 D:/stm32cubeide/STM32CubeIDE_2.0.0/STM32CubeIDE/plugins/com.st.stm32cube.ide.mcu.externaltools.gnu-tools-for-stm32.13.3.rel1.win32_1.0.100.202509120712/tools/bin/../lib/gcc/arm-none-eabi/13.3.1/../../../../arm-none-eabi/lib/thumb/v7e-m+fp/hard\libc_nano.a(libc_a-nano-vfprintf_i.o)
                                 0x22 (size before relaxing)
 .rodata._scanf_float.str1.1
                0x0800d4c2        0x0 D:/stm32cubeide/STM32CubeIDE_2.0.0/STM32CubeIDE/plugins/com.st.stm32cube.ide.mcu.externaltools.gnu-tools-for-stm32.13.3.rel1.win32_1.0.100.202509120712/tools/bin/../lib/gcc/arm-none-eabi/13.3.1/../../../../arm-none-eabi/lib/thumb/v7e-m+fp/hard\libc_nano.a(libc_a-nano-vfscanf_float.o)
                                  0x6 (size before relaxing)
 .rodata._dtoa_r.str1.1
                0x0800d4c2        0x0 D:/stm32cubeide/STM32CubeIDE_2.0.0/STM32CubeIDE/plugins/com.st.stm32cube.ide.mcu.externaltools.gnu-tools-for-stm32.13.3.rel1.win32_1.0.100.202509120712/tools/bin/../lib/gcc/arm-none-eabi/13.3.1/../../../../arm-none-eabi/lib/thumb/v7e-m+fp/hard\libc_nano.a(libc_a-dtoa.o)
                                 0x8f (size before relaxing)
 .rodata._Balloc.str1.1
                0x0800d4c2        0x0 D:/stm32cubeide/STM32CubeIDE_2.0.0/STM32CubeIDE/plugins/com.st.stm32cube.ide.mcu.externaltools.gnu-tools-for-stm32.13.3.rel1.win32_1.0.100.202509120712/tools/bin/../lib/gcc/arm-none-eabi/13.3.1/../../../../arm-none-eabi/lib/thumb/v7e-m+fp/hard\libc_nano.a(libc_a-mprec.o)
                                 0x70 (size before relaxing)
 .rodata.__multadd.str1.1
                0x0800d4c2        0x0 D:/stm32cubeide/STM32CubeIDE_2.0.0/STM32CubeIDE/plugins/com.st.stm32cube.ide.mcu.externaltools.gnu-tools-for-stm32.13.3.rel1.win32_1.0.100.202509120712/tools/bin/../lib/gcc/arm-none-eabi/13.3.1/../../../../arm-none-eabi/lib/thumb/v7e-m+fp/hard\libc_nano.a(libc_a-mprec.o)
                                 0x11 (size before relaxing)
 *fill*         0x0800d4c2        0x2 
 .rodata.p05.0  0x0800d4c4        0xc D:/stm32cubeide/STM32CubeIDE_2.0.0/STM32CubeIDE/plugins/com.st.stm32cube.ide.mcu.externaltools.gnu-tools-for-stm32.13.3.rel1.win32_1.0.100.202509120712/tools/bin/../lib/gcc/arm-none-eabi/13.3.1/../../../../arm-none-eabi/lib/thumb/v7e-m+fp/hard\libc_nano.a(libc_a-mprec.o)
 .rodata.__mprec_bigtens
                0x0800d4d0       0x28 D:/stm32cubeide/STM32CubeIDE_2.0.0/STM32CubeIDE/plugins/com.st.stm32cube.ide.mcu.externaltools.gnu-tools-for-stm32.13.3.rel1.win32_1.0.100.202509120712/tools/bin/../lib/gcc/arm-none-eabi/13.3.1/../../../../arm-none-eabi/lib/thumb/v7e-m+fp/hard\libc_nano.a(libc_a-mprec.o)
                0x0800d4d0                __mprec_bigtens
 .rodata.__mprec_tens
                0x0800d4f8       0xc8 D:/stm32cubeide/STM32CubeIDE_2.0.0/STM32CubeIDE/plugins/com.st.stm32cube.ide.mcu.externaltools.gnu-tools-for-stm32.13.3.rel1.win32_1.0.100.202509120712/tools/bin/../lib/gcc/arm-none-eabi/13.3.1/../../../../arm-none-eabi/lib/thumb/v7e-m+fp/hard\libc_nano.a(libc_a-mprec.o)
                0x0800d4f8                __mprec_tens
 .rodata._strtod_l.str1.1
                0x0800d5c0        0x0 D:/stm32cubeide/STM32CubeIDE_2.0.0/STM32CubeIDE/plugins/com.st.stm32cube.ide.mcu.externaltools.gnu-tools-for-stm32.13.3.rel1.win32_1.0.100.202509120712/tools/bin/../lib/gcc/arm-none-eabi/13.3.1/../../../../arm-none-eabi/lib/thumb/v7e-m+fp/hard\libc_nano.a(libc_a-strtod.o)
                                  0xf (size before relaxing)
 .rodata.fpinan.0
                0x0800d5c0       0x14 D:/stm32cubeide/STM32CubeIDE_2.0.0/STM32CubeIDE/plugins/com.st.stm32cube.ide.mcu.externaltools.gnu-tools-for-stm32.13.3.rel1.win32_1.0.100.202509120712/tools/bin/../lib/gcc/arm-none-eabi/13.3.1/../../../../arm-none-eabi/lib/thumb/v7e-m+fp/hard\libc_nano.a(libc_a-strtod.o)
 .rodata.fpi.1  0x0800d5d4       0x14 D:/stm32cubeide/STM32CubeIDE_2.0.0/STM32CubeIDE/plugins/com.st.stm32cube.ide.mcu.externaltools.gnu-tools-for-stm32.13.3.rel1.win32_1.0.100.202509120712/tools/bin/../lib/gcc/arm-none-eabi/13.3.1/../../../../arm-none-eabi/lib/thumb/v7e-m+fp/hard\libc_nano.a(libc_a-strtod.o)
 .rodata.tinytens
                0x0800d5e8       0x28 D:/stm32cubeide/STM32CubeIDE_2.0.0/STM32CubeIDE/plugins/com.st.stm32cube.ide.mcu.externaltools.gnu-tools-for-stm32.13.3.rel1.win32_1.0.100.202509120712/tools/bin/../lib/gcc/arm-none-eabi/13.3.1/../../../../arm-none-eabi/lib/thumb/v7e-m+fp/hard\libc_nano.a(libc_a-strtod.o)
 .rodata._ctype_
                0x0800d610      0x101 D:/stm32cubeide/STM32CubeIDE_2.0.0/STM32CubeIDE/plugins/com.st.stm32cube.ide.mcu.externaltools.gnu-tools-for-stm32.13.3.rel1.win32_1.0.100.202509120712/tools/bin/../lib/gcc/arm-none-eabi/13.3.1/../../../../arm-none-eabi/lib/thumb/v7e-m+fp/hard\libc_nano.a(libc_a-ctype_.o)
                0x0800d610                _ctype_
 .rodata._svfprintf_r.str1.1