../bme280/BME280.cpp:14:1:BME280::bme280::bme280()	16	static
../bme280/BME280.cpp:20:1:BME280::bme280::~bme280()	16	static
../bme280/BME280.cpp:20:1:virtual BME280::bme280::~bme280()	16	static
../bme280/BME280.cpp:25:6:virtual bool BME280::bme280::init()	16	static
../bme280/BME280.cpp:27:6:virtual bool BME280::bme280i2c::init()	24	static
../bme280/BME280.cpp:34:6:void BME280::bme280::main()	24	static
../bme280/BME280.cpp:108:9:virtual uint8_t BME280::bme280::readReg8(BME280::bme280_reg_addr_t, uint8_t*)	24	static
../bme280/BME280.cpp:112:9:virtual uint8_t BME280::bme280::writeReg8(BME280::bme280_reg_addr_t, uint8_t*)	24	static
../bme280/BME280.cpp:116:6:virtual void BME280::bme280::readRegMulti(BME280::bme280_reg_addr_t, uint8_t*, uint8_t)	24	static
../bme280/BME280.cpp:119:6:virtual void BME280::bme280::writeRegMulti()	16	static
../bme280/BME280.cpp:122:6:void BME280::bme280::reset()	24	static
../bme280/BME280.cpp:128:8:double BME280::bme280::bme280_compensate_T_double(BME280::bme280_S32_t)	56	static
../bme280/BME280.cpp:138:8:double BME280::bme280::bme280_compensate_P_double(BME280::bme280_S32_t)	48	static
../bme280/BME280.cpp:155:8:double BME280::bme280::bme280_compensate_H_double(BME280::bme280_S32_t)	48	static
../bme280/BME280.cpp:168:6:bool BME280::bme280::readIDReg()	16	static
../bme280/BME280.cpp:176:6:void BME280::bme280::readConfigReg()	16	static
../bme280/BME280.cpp:180:6:void BME280::bme280::readCtrlMeas()	16	static
../bme280/BME280.cpp:184:6:void BME280::bme280::readStatusReg()	16	static
../bme280/BME280.cpp:188:6:void BME280::bme280::readCal()	48	static
../bme280/BME280.cpp:219:6:void BME280::bme280::readHumCal()	40	static
../bme280/BME280.cpp:249:6:void BME280::bme280::setCtrlMeasReg()	16	static
../bme280/BME280.cpp:260:6:void BME280::bme280::setConfigReg()	16	static
../bme280/BME280.cpp:267:6:void BME280::bme280::setCtrlHumReg()	16	static
../bme280/BME280.cpp:272:6:bool BME280::bme280::startMeasurement()	16	static
../bme280/BME280.cpp:285:6:bool BME280::bme280::readTempPressureHum(double*, double*, double*)	40	static
../bme280/BME280.cpp:323:6:bool BME280::bme280::newData()	24	static
../bme280/BME280.cpp:330:6:bool BME280::bme280::GetTemperature(double*)	16	static
../bme280/BME280.cpp:335:6:bool BME280::bme280::GetPressure(double*)	16	static
../bme280/BME280.cpp:341:6:bool BME280::bme280::GetHumidity(double*)	16	static
../bme280/BME280.cpp:350:1:BME280::bme280i2c::bme280i2c(BME280::bme280_param_t)	24	static
../bme280/BME280.cpp:358:1:BME280::bme280i2c::~bme280i2c()	16	static
../bme280/BME280.cpp:358:1:virtual BME280::bme280i2c::~bme280i2c()	16	static
../bme280/BME280.cpp:363:9:virtual uint8_t BME280::bme280i2c::readReg8(BME280::bme280_reg_addr_t, uint8_t*)	40	static
../bme280/BME280.cpp:368:9:virtual uint8_t BME280::bme280i2c::writeReg8(BME280::bme280_reg_addr_t, uint8_t*)	40	static
../bme280/BME280.cpp:373:6:virtual void BME280::bme280i2c::readRegMulti(BME280::bme280_reg_addr_t, uint8_t*, uint8_t)	48	static
../bme280/BME280.cpp:377:6:virtual void BME280::bme280i2c::writeRegMulti()	16	static
